Archive member included to satisfy reference by file (symbol)

c:/mounriver/mounriver_studio/toolchain/risc-v embedded gcc/bin/../lib/gcc/riscv-none-embed/8.2.0/rv32ecxw/ilp32e\libgcc.a(save-restore.o)
                              ./User/96OLEDI2C.o (__riscv_save_2)
c:/mounriver/mounriver_studio/toolchain/risc-v embedded gcc/bin/../lib/gcc/riscv-none-embed/8.2.0/rv32ecxw/ilp32e\libgcc.a(muldi3.o)
                              ./Debug/debug.o (__mulsi3)
c:/mounriver/mounriver_studio/toolchain/risc-v embedded gcc/bin/../lib/gcc/riscv-none-embed/8.2.0/rv32ecxw/ilp32e\libgcc.a(div.o)
                              ./User/main.o (__divsi3)
c:/mounriver/mounriver_studio/toolchain/risc-v embedded gcc/bin/../lib/gcc/riscv-none-embed/8.2.0/../../../../riscv-none-embed/lib/rv32ecxw/ilp32e\libg_nano.a(lib_a-memset.o)
                              ./User/96OLEDI2C.o (memset)
c:/mounriver/mounriver_studio/toolchain/risc-v embedded gcc/bin/../lib/gcc/riscv-none-embed/8.2.0/../../../../riscv-none-embed/lib/rv32ecxw/ilp32e\libg_nano.a(lib_a-strlen.o)
                              ./User/SerialPort.o (strlen)

Discarded input sections

 .text          0x0000000000000000        0x0 ./User/96OLEDI2C.o
 .data          0x0000000000000000        0x0 ./User/96OLEDI2C.o
 .bss           0x0000000000000000        0x0 ./User/96OLEDI2C.o
 .text          0x0000000000000000        0x0 ./User/AHT20.o
 .data          0x0000000000000000        0x0 ./User/AHT20.o
 .bss           0x0000000000000000        0x0 ./User/AHT20.o
 .text          0x0000000000000000        0x0 ./User/SerialPort.o
 .data          0x0000000000000000        0x0 ./User/SerialPort.o
 .bss           0x0000000000000000        0x0 ./User/SerialPort.o
 .text          0x0000000000000000        0x0 ./User/ch32v00x_it.o
 .data          0x0000000000000000        0x0 ./User/ch32v00x_it.o
 .bss           0x0000000000000000        0x0 ./User/ch32v00x_it.o
 .text          0x0000000000000000        0x0 ./User/i2c_common.o
 .data          0x0000000000000000        0x0 ./User/i2c_common.o
 .bss           0x0000000000000000        0x0 ./User/i2c_common.o
 .text          0x0000000000000000        0x0 ./User/main.o
 .data          0x0000000000000000        0x0 ./User/main.o
 .bss           0x0000000000000000        0x0 ./User/main.o
 .text.GetMCUFlashSize
                0x0000000000000000        0xa ./User/main.o
 .text.GetMCUUID1
                0x0000000000000000        0xa ./User/main.o
 .text.GetMCUUID2
                0x0000000000000000        0xa ./User/main.o
 .text.GetMCUUID3
                0x0000000000000000        0xa ./User/main.o
 .text          0x0000000000000000        0x0 ./User/system_ch32v00x.o
 .data          0x0000000000000000        0x0 ./User/system_ch32v00x.o
 .bss           0x0000000000000000        0x0 ./User/system_ch32v00x.o
 .text          0x0000000000000000        0x0 ./Startup/startup_ch32v00x.o
 .data          0x0000000000000000        0x0 ./Startup/startup_ch32v00x.o
 .bss           0x0000000000000000        0x0 ./Startup/startup_ch32v00x.o
 .text          0x0000000000000000        0x0 ./Peripheral/src/ch32v00x_adc.o
 .data          0x0000000000000000        0x0 ./Peripheral/src/ch32v00x_adc.o
 .bss           0x0000000000000000        0x0 ./Peripheral/src/ch32v00x_adc.o
 .text.ADC_StructInit
                0x0000000000000000       0x1a ./Peripheral/src/ch32v00x_adc.o
 .text.ADC_DMACmd
                0x0000000000000000       0x12 ./Peripheral/src/ch32v00x_adc.o
 .text.ADC_SoftwareStartConvCmd
                0x0000000000000000       0x18 ./Peripheral/src/ch32v00x_adc.o
 .text.ADC_GetSoftwareStartConvStatus
                0x0000000000000000        0x8 ./Peripheral/src/ch32v00x_adc.o
 .text.ADC_DiscModeChannelCountConfig
                0x0000000000000000       0x12 ./Peripheral/src/ch32v00x_adc.o
 .text.ADC_DiscModeCmd
                0x0000000000000000       0x1a ./Peripheral/src/ch32v00x_adc.o
 .text.ADC_RegularChannelConfig
                0x0000000000000000       0xba ./Peripheral/src/ch32v00x_adc.o
 .text.ADC_ExternalTrigConvCmd
                0x0000000000000000       0x18 ./Peripheral/src/ch32v00x_adc.o
 .text.ADC_GetConversionValue
                0x0000000000000000        0x8 ./Peripheral/src/ch32v00x_adc.o
 .text.ADC_AutoInjectedConvCmd
                0x0000000000000000       0x12 ./Peripheral/src/ch32v00x_adc.o
 .text.ADC_InjectedDiscModeCmd
                0x0000000000000000       0x14 ./Peripheral/src/ch32v00x_adc.o
 .text.ADC_ExternalTrigInjectedConvConfig
                0x0000000000000000        0xe ./Peripheral/src/ch32v00x_adc.o
 .text.ADC_GetSoftwareStartInjectedConvCmdStatus
                0x0000000000000000        0x8 ./Peripheral/src/ch32v00x_adc.o
 .text.ADC_SetInjectedOffset
                0x0000000000000000       0x14 ./Peripheral/src/ch32v00x_adc.o
 .text.ADC_AnalogWatchdogCmd
                0x0000000000000000       0x12 ./Peripheral/src/ch32v00x_adc.o
 .text.ADC_AnalogWatchdogThresholdsConfig
                0x0000000000000000        0x6 ./Peripheral/src/ch32v00x_adc.o
 .text.ADC_AnalogWatchdogSingleChannelConfig
                0x0000000000000000        0xa ./Peripheral/src/ch32v00x_adc.o
 .text.ADC_GetFlagStatus
                0x0000000000000000        0xa ./Peripheral/src/ch32v00x_adc.o
 .text.ADC_ClearFlag
                0x0000000000000000        0x8 ./Peripheral/src/ch32v00x_adc.o
 .text.ADC_ExternalTrig_DLY
                0x0000000000000000       0x16 ./Peripheral/src/ch32v00x_adc.o
 .text          0x0000000000000000        0x0 ./Peripheral/src/ch32v00x_dbgmcu.o
 .data          0x0000000000000000        0x0 ./Peripheral/src/ch32v00x_dbgmcu.o
 .bss           0x0000000000000000        0x0 ./Peripheral/src/ch32v00x_dbgmcu.o
 .text.DBGMCU_GetREVID
                0x0000000000000000        0xa ./Peripheral/src/ch32v00x_dbgmcu.o
 .text.DBGMCU_GetDEVID
                0x0000000000000000        0xa ./Peripheral/src/ch32v00x_dbgmcu.o
 .text.__get_DEBUG_CR
                0x0000000000000000        0x6 ./Peripheral/src/ch32v00x_dbgmcu.o
 .text.__set_DEBUG_CR
                0x0000000000000000        0x6 ./Peripheral/src/ch32v00x_dbgmcu.o
 .text.DBGMCU_Config
                0x0000000000000000       0x14 ./Peripheral/src/ch32v00x_dbgmcu.o
 .text.DBGMCU_GetCHIPID
                0x0000000000000000        0xa ./Peripheral/src/ch32v00x_dbgmcu.o
 .debug_info    0x0000000000000000      0xa94 ./Peripheral/src/ch32v00x_dbgmcu.o
 .debug_abbrev  0x0000000000000000      0x2f7 ./Peripheral/src/ch32v00x_dbgmcu.o
 .debug_loc     0x0000000000000000       0x6e ./Peripheral/src/ch32v00x_dbgmcu.o
 .debug_aranges
                0x0000000000000000       0x48 ./Peripheral/src/ch32v00x_dbgmcu.o
 .debug_ranges  0x0000000000000000       0x50 ./Peripheral/src/ch32v00x_dbgmcu.o
 .debug_line    0x0000000000000000      0x3cf ./Peripheral/src/ch32v00x_dbgmcu.o
 .debug_str     0x0000000000000000      0x694 ./Peripheral/src/ch32v00x_dbgmcu.o
 .comment       0x0000000000000000       0x34 ./Peripheral/src/ch32v00x_dbgmcu.o
 .debug_frame   0x0000000000000000       0x70 ./Peripheral/src/ch32v00x_dbgmcu.o
 .text          0x0000000000000000        0x0 ./Peripheral/src/ch32v00x_dma.o
 .data          0x0000000000000000        0x0 ./Peripheral/src/ch32v00x_dma.o
 .bss           0x0000000000000000        0x0 ./Peripheral/src/ch32v00x_dma.o
 .text.DMA_DeInit
                0x0000000000000000       0x92 ./Peripheral/src/ch32v00x_dma.o
 .text.DMA_Init
                0x0000000000000000       0x38 ./Peripheral/src/ch32v00x_dma.o
 .text.DMA_StructInit
                0x0000000000000000       0x2e ./Peripheral/src/ch32v00x_dma.o
 .text.DMA_Cmd  0x0000000000000000       0x14 ./Peripheral/src/ch32v00x_dma.o
 .text.DMA_ITConfig
                0x0000000000000000       0x12 ./Peripheral/src/ch32v00x_dma.o
 .text.DMA_SetCurrDataCounter
                0x0000000000000000        0x4 ./Peripheral/src/ch32v00x_dma.o
 .text.DMA_GetCurrDataCounter
                0x0000000000000000        0x8 ./Peripheral/src/ch32v00x_dma.o
 .text.DMA_GetFlagStatus
                0x0000000000000000        0xe ./Peripheral/src/ch32v00x_dma.o
 .text.DMA_ClearFlag
                0x0000000000000000        0x8 ./Peripheral/src/ch32v00x_dma.o
 .text.DMA_GetITStatus
                0x0000000000000000       0x18 ./Peripheral/src/ch32v00x_dma.o
 .text.DMA_ClearITPendingBit
                0x0000000000000000        0x8 ./Peripheral/src/ch32v00x_dma.o
 .debug_info    0x0000000000000000      0xd17 ./Peripheral/src/ch32v00x_dma.o
 .debug_abbrev  0x0000000000000000      0x302 ./Peripheral/src/ch32v00x_dma.o
 .debug_loc     0x0000000000000000      0x14a ./Peripheral/src/ch32v00x_dma.o
 .debug_aranges
                0x0000000000000000       0x60 ./Peripheral/src/ch32v00x_dma.o
 .debug_ranges  0x0000000000000000       0x50 ./Peripheral/src/ch32v00x_dma.o
 .debug_line    0x0000000000000000      0x7ef ./Peripheral/src/ch32v00x_dma.o
 .debug_str     0x0000000000000000      0x841 ./Peripheral/src/ch32v00x_dma.o
 .comment       0x0000000000000000       0x34 ./Peripheral/src/ch32v00x_dma.o
 .debug_frame   0x0000000000000000       0xcc ./Peripheral/src/ch32v00x_dma.o
 .text          0x0000000000000000        0x0 ./Peripheral/src/ch32v00x_exti.o
 .data          0x0000000000000000        0x0 ./Peripheral/src/ch32v00x_exti.o
 .bss           0x0000000000000000        0x0 ./Peripheral/src/ch32v00x_exti.o
 .text.EXTI_DeInit
                0x0000000000000000       0x22 ./Peripheral/src/ch32v00x_exti.o
 .text.EXTI_StructInit
                0x0000000000000000       0x12 ./Peripheral/src/ch32v00x_exti.o
 .text.EXTI_GenerateSWInterrupt
                0x0000000000000000       0x10 ./Peripheral/src/ch32v00x_exti.o
 .text.EXTI_GetFlagStatus
                0x0000000000000000       0x12 ./Peripheral/src/ch32v00x_exti.o
 .text.EXTI_ClearFlag
                0x0000000000000000        0xa ./Peripheral/src/ch32v00x_exti.o
 .text          0x0000000000000000        0x0 ./Peripheral/src/ch32v00x_flash.o
 .data          0x0000000000000000        0x0 ./Peripheral/src/ch32v00x_flash.o
 .bss           0x0000000000000000        0x0 ./Peripheral/src/ch32v00x_flash.o
 .text.FLASH_SetLatency
                0x0000000000000000       0x10 ./Peripheral/src/ch32v00x_flash.o
 .text.FLASH_Unlock
                0x0000000000000000       0x1a ./Peripheral/src/ch32v00x_flash.o
 .text.FLASH_Lock
                0x0000000000000000        0xe ./Peripheral/src/ch32v00x_flash.o
 .text.FLASH_GetUserOptionByte
                0x0000000000000000        0xa ./Peripheral/src/ch32v00x_flash.o
 .text.FLASH_GetWriteProtectionOptionByte
                0x0000000000000000        0x8 ./Peripheral/src/ch32v00x_flash.o
 .text.FLASH_GetReadOutProtectionStatus
                0x0000000000000000        0xc ./Peripheral/src/ch32v00x_flash.o
 .text.FLASH_ITConfig
                0x0000000000000000       0x1e ./Peripheral/src/ch32v00x_flash.o
 .text.FLASH_GetFlagStatus
                0x0000000000000000       0x1e ./Peripheral/src/ch32v00x_flash.o
 .text.FLASH_ClearFlag
                0x0000000000000000        0x8 ./Peripheral/src/ch32v00x_flash.o
 .text.FLASH_GetStatus
                0x0000000000000000       0x18 ./Peripheral/src/ch32v00x_flash.o
 .text.FLASH_GetBank1Status
                0x0000000000000000       0x18 ./Peripheral/src/ch32v00x_flash.o
 .text.FLASH_WaitForLastOperation
                0x0000000000000000       0x34 ./Peripheral/src/ch32v00x_flash.o
 .text.FLASH_ErasePage
                0x0000000000000000       0x4c ./Peripheral/src/ch32v00x_flash.o
 .text.FLASH_EraseAllPages
                0x0000000000000000       0x48 ./Peripheral/src/ch32v00x_flash.o
 .text.FLASH_EraseOptionBytes
                0x0000000000000000       0x9a ./Peripheral/src/ch32v00x_flash.o
 .text.FLASH_ProgramWord
                0x0000000000000000       0x6e ./Peripheral/src/ch32v00x_flash.o
 .text.FLASH_ProgramHalfWord
                0x0000000000000000       0x48 ./Peripheral/src/ch32v00x_flash.o
 .text.FLASH_ProgramOptionByteData
                0x0000000000000000       0x66 ./Peripheral/src/ch32v00x_flash.o
 .text.FLASH_EnableWriteProtection
                0x0000000000000000       0x9e ./Peripheral/src/ch32v00x_flash.o
 .text.FLASH_ReadOutProtection
                0x0000000000000000       0xae ./Peripheral/src/ch32v00x_flash.o
 .text.FLASH_UserOptionByteConfig
                0x0000000000000000       0x80 ./Peripheral/src/ch32v00x_flash.o
 .text.FLASH_WaitForLastBank1Operation
                0x0000000000000000       0x18 ./Peripheral/src/ch32v00x_flash.o
 .text.FLASH_Unlock_Fast
                0x0000000000000000       0x1e ./Peripheral/src/ch32v00x_flash.o
 .text.FLASH_Lock_Fast
                0x0000000000000000       0x18 ./Peripheral/src/ch32v00x_flash.o
 .text.FLASH_BufReset
                0x0000000000000000       0x28 ./Peripheral/src/ch32v00x_flash.o
 .text.FLASH_BufLoad
                0x0000000000000000       0x36 ./Peripheral/src/ch32v00x_flash.o
 .text.FLASH_ErasePage_Fast
                0x0000000000000000       0x36 ./Peripheral/src/ch32v00x_flash.o
 .text.FLASH_ProgramPage_Fast
                0x0000000000000000       0x34 ./Peripheral/src/ch32v00x_flash.o
 .text.SystemReset_StartMode
                0x0000000000000000       0x56 ./Peripheral/src/ch32v00x_flash.o
 .debug_info    0x0000000000000000     0x12a0 ./Peripheral/src/ch32v00x_flash.o
 .debug_abbrev  0x0000000000000000      0x3cf ./Peripheral/src/ch32v00x_flash.o
 .debug_loc     0x0000000000000000      0x699 ./Peripheral/src/ch32v00x_flash.o
 .debug_aranges
                0x0000000000000000       0xf0 ./Peripheral/src/ch32v00x_flash.o
 .debug_ranges  0x0000000000000000       0xe0 ./Peripheral/src/ch32v00x_flash.o
 .debug_line    0x0000000000000000     0x149a ./Peripheral/src/ch32v00x_flash.o
 .debug_str     0x0000000000000000      0xa62 ./Peripheral/src/ch32v00x_flash.o
 .comment       0x0000000000000000       0x34 ./Peripheral/src/ch32v00x_flash.o
 .debug_frame   0x0000000000000000      0x2c8 ./Peripheral/src/ch32v00x_flash.o
 .text          0x0000000000000000        0x0 ./Peripheral/src/ch32v00x_gpio.o
 .data          0x0000000000000000        0x0 ./Peripheral/src/ch32v00x_gpio.o
 .bss           0x0000000000000000        0x0 ./Peripheral/src/ch32v00x_gpio.o
 .text.GPIO_DeInit
                0x0000000000000000       0x68 ./Peripheral/src/ch32v00x_gpio.o
 .text.GPIO_AFIODeInit
                0x0000000000000000       0x28 ./Peripheral/src/ch32v00x_gpio.o
 .text.GPIO_StructInit
                0x0000000000000000        0xe ./Peripheral/src/ch32v00x_gpio.o
 .text.GPIO_ReadInputDataBit
                0x0000000000000000        0xa ./Peripheral/src/ch32v00x_gpio.o
 .text.GPIO_ReadInputData
                0x0000000000000000        0x8 ./Peripheral/src/ch32v00x_gpio.o
 .text.GPIO_ReadOutputDataBit
                0x0000000000000000        0xa ./Peripheral/src/ch32v00x_gpio.o
 .text.GPIO_ReadOutputData
                0x0000000000000000        0x8 ./Peripheral/src/ch32v00x_gpio.o
 .text.GPIO_WriteBit
                0x0000000000000000        0xa ./Peripheral/src/ch32v00x_gpio.o
 .text.GPIO_Write
                0x0000000000000000        0x4 ./Peripheral/src/ch32v00x_gpio.o
 .text.GPIO_PinLockConfig
                0x0000000000000000       0x10 ./Peripheral/src/ch32v00x_gpio.o
 .text.GPIO_PinRemapConfig
                0x0000000000000000       0xc4 ./Peripheral/src/ch32v00x_gpio.o
 .text.GPIO_IPD_Unused
                0x0000000000000000       0xa4 ./Peripheral/src/ch32v00x_gpio.o
 .text          0x0000000000000000        0x0 ./Peripheral/src/ch32v00x_i2c.o
 .data          0x0000000000000000        0x0 ./Peripheral/src/ch32v00x_i2c.o
 .bss           0x0000000000000000        0x0 ./Peripheral/src/ch32v00x_i2c.o
 .text.I2C_DeInit
                0x0000000000000000       0x3a ./Peripheral/src/ch32v00x_i2c.o
 .text.I2C_StructInit
                0x0000000000000000       0x18 ./Peripheral/src/ch32v00x_i2c.o
 .text.I2C_DMACmd
                0x0000000000000000       0x1e ./Peripheral/src/ch32v00x_i2c.o
 .text.I2C_DMALastTransferCmd
                0x0000000000000000       0x16 ./Peripheral/src/ch32v00x_i2c.o
 .text.I2C_OwnAddress2Config
                0x0000000000000000       0x14 ./Peripheral/src/ch32v00x_i2c.o
 .text.I2C_DualAddressCmd
                0x0000000000000000       0x18 ./Peripheral/src/ch32v00x_i2c.o
 .text.I2C_GeneralCallCmd
                0x0000000000000000       0x1a ./Peripheral/src/ch32v00x_i2c.o
 .text.I2C_ITConfig
                0x0000000000000000       0x12 ./Peripheral/src/ch32v00x_i2c.o
 .text.I2C_ReadRegister
                0x0000000000000000       0x14 ./Peripheral/src/ch32v00x_i2c.o
 .text.I2C_SoftwareResetCmd
                0x0000000000000000       0x12 ./Peripheral/src/ch32v00x_i2c.o
 .text.I2C_NACKPositionConfig
                0x0000000000000000       0x22 ./Peripheral/src/ch32v00x_i2c.o
 .text.I2C_TransmitPEC
                0x0000000000000000       0x16 ./Peripheral/src/ch32v00x_i2c.o
 .text.I2C_PECPositionConfig
                0x0000000000000000       0x18 ./Peripheral/src/ch32v00x_i2c.o
 .text.I2C_CalculatePEC
                0x0000000000000000       0x1a ./Peripheral/src/ch32v00x_i2c.o
 .text.I2C_GetPEC
                0x0000000000000000        0x6 ./Peripheral/src/ch32v00x_i2c.o
 .text.I2C_ARPCmd
                0x0000000000000000       0x18 ./Peripheral/src/ch32v00x_i2c.o
 .text.I2C_StretchClockCmd
                0x0000000000000000       0x1a ./Peripheral/src/ch32v00x_i2c.o
 .text.I2C_FastModeDutyCycleConfig
                0x0000000000000000       0x1a ./Peripheral/src/ch32v00x_i2c.o
 .text.I2C_GetLastEvent
                0x0000000000000000        0xe ./Peripheral/src/ch32v00x_i2c.o
 .text.I2C_ClearFlag
                0x0000000000000000        0xc ./Peripheral/src/ch32v00x_i2c.o
 .text.I2C_GetITStatus
                0x0000000000000000       0x20 ./Peripheral/src/ch32v00x_i2c.o
 .text.I2C_ClearITPendingBit
                0x0000000000000000        0xc ./Peripheral/src/ch32v00x_i2c.o
 .text          0x0000000000000000        0x0 ./Peripheral/src/ch32v00x_iwdg.o
 .data          0x0000000000000000        0x0 ./Peripheral/src/ch32v00x_iwdg.o
 .bss           0x0000000000000000        0x0 ./Peripheral/src/ch32v00x_iwdg.o
 .text.IWDG_WriteAccessCmd
                0x0000000000000000        0x8 ./Peripheral/src/ch32v00x_iwdg.o
 .text.IWDG_SetPrescaler
                0x0000000000000000        0x8 ./Peripheral/src/ch32v00x_iwdg.o
 .text.IWDG_SetReload
                0x0000000000000000        0x8 ./Peripheral/src/ch32v00x_iwdg.o
 .text.IWDG_ReloadCounter
                0x0000000000000000        0xe ./Peripheral/src/ch32v00x_iwdg.o
 .text.IWDG_Enable
                0x0000000000000000        0xe ./Peripheral/src/ch32v00x_iwdg.o
 .text.IWDG_GetFlagStatus
                0x0000000000000000        0xe ./Peripheral/src/ch32v00x_iwdg.o
 .debug_info    0x0000000000000000      0xaae ./Peripheral/src/ch32v00x_iwdg.o
 .debug_abbrev  0x0000000000000000      0x282 ./Peripheral/src/ch32v00x_iwdg.o
 .debug_loc     0x0000000000000000       0x68 ./Peripheral/src/ch32v00x_iwdg.o
 .debug_aranges
                0x0000000000000000       0x48 ./Peripheral/src/ch32v00x_iwdg.o
 .debug_ranges  0x0000000000000000       0x38 ./Peripheral/src/ch32v00x_iwdg.o
 .debug_line    0x0000000000000000      0x403 ./Peripheral/src/ch32v00x_iwdg.o
 .debug_str     0x0000000000000000      0x6ed ./Peripheral/src/ch32v00x_iwdg.o
 .comment       0x0000000000000000       0x34 ./Peripheral/src/ch32v00x_iwdg.o
 .debug_frame   0x0000000000000000       0x70 ./Peripheral/src/ch32v00x_iwdg.o
 .text          0x0000000000000000        0x0 ./Peripheral/src/ch32v00x_misc.o
 .data          0x0000000000000000        0x0 ./Peripheral/src/ch32v00x_misc.o
 .bss           0x0000000000000000        0x0 ./Peripheral/src/ch32v00x_misc.o
 .text          0x0000000000000000        0x0 ./Peripheral/src/ch32v00x_opa.o
 .data          0x0000000000000000        0x0 ./Peripheral/src/ch32v00x_opa.o
 .bss           0x0000000000000000        0x0 ./Peripheral/src/ch32v00x_opa.o
 .text.OPA_DeInit
                0x0000000000000000       0x16 ./Peripheral/src/ch32v00x_opa.o
 .text.OPA_Init
                0x0000000000000000       0x22 ./Peripheral/src/ch32v00x_opa.o
 .text.OPA_StructInit
                0x0000000000000000        0xa ./Peripheral/src/ch32v00x_opa.o
 .text.OPA_Cmd  0x0000000000000000       0x2c ./Peripheral/src/ch32v00x_opa.o
 .debug_info    0x0000000000000000      0xaa5 ./Peripheral/src/ch32v00x_opa.o
 .debug_abbrev  0x0000000000000000      0x230 ./Peripheral/src/ch32v00x_opa.o
 .debug_loc     0x0000000000000000       0x35 ./Peripheral/src/ch32v00x_opa.o
 .debug_aranges
                0x0000000000000000       0x38 ./Peripheral/src/ch32v00x_opa.o
 .debug_ranges  0x0000000000000000       0x28 ./Peripheral/src/ch32v00x_opa.o
 .debug_line    0x0000000000000000      0x43d ./Peripheral/src/ch32v00x_opa.o
 .debug_str     0x0000000000000000      0x6bb ./Peripheral/src/ch32v00x_opa.o
 .comment       0x0000000000000000       0x34 ./Peripheral/src/ch32v00x_opa.o
 .debug_frame   0x0000000000000000       0x50 ./Peripheral/src/ch32v00x_opa.o
 .text          0x0000000000000000        0x0 ./Peripheral/src/ch32v00x_pwr.o
 .data          0x0000000000000000        0x0 ./Peripheral/src/ch32v00x_pwr.o
 .bss           0x0000000000000000        0x0 ./Peripheral/src/ch32v00x_pwr.o
 .text.PWR_DeInit
                0x0000000000000000       0x2c ./Peripheral/src/ch32v00x_pwr.o
 .text.PWR_PVDCmd
                0x0000000000000000       0x14 ./Peripheral/src/ch32v00x_pwr.o
 .text.PWR_PVDLevelConfig
                0x0000000000000000       0x10 ./Peripheral/src/ch32v00x_pwr.o
 .text.PWR_AutoWakeUpCmd
                0x0000000000000000       0x14 ./Peripheral/src/ch32v00x_pwr.o
 .text.PWR_AWU_SetPrescaler
                0x0000000000000000        0xe ./Peripheral/src/ch32v00x_pwr.o
 .text.PWR_AWU_SetWindowValue
                0x0000000000000000       0x1e ./Peripheral/src/ch32v00x_pwr.o
 .text.PWR_EnterSTANDBYMode
                0x0000000000000000       0x82 ./Peripheral/src/ch32v00x_pwr.o
 .text.PWR_GetFlagStatus
                0x0000000000000000        0xe ./Peripheral/src/ch32v00x_pwr.o
 .debug_info    0x0000000000000000      0xe7f ./Peripheral/src/ch32v00x_pwr.o
 .debug_abbrev  0x0000000000000000      0x34a ./Peripheral/src/ch32v00x_pwr.o
 .debug_loc     0x0000000000000000      0x12a ./Peripheral/src/ch32v00x_pwr.o
 .debug_aranges
                0x0000000000000000       0x58 ./Peripheral/src/ch32v00x_pwr.o
 .debug_ranges  0x0000000000000000       0x88 ./Peripheral/src/ch32v00x_pwr.o
 .debug_line    0x0000000000000000      0x6ab ./Peripheral/src/ch32v00x_pwr.o
 .debug_str     0x0000000000000000      0x82e ./Peripheral/src/ch32v00x_pwr.o
 .comment       0x0000000000000000       0x34 ./Peripheral/src/ch32v00x_pwr.o
 .debug_frame   0x0000000000000000       0xa4 ./Peripheral/src/ch32v00x_pwr.o
 .text          0x0000000000000000        0x0 ./Peripheral/src/ch32v00x_rcc.o
 .data          0x0000000000000000        0x0 ./Peripheral/src/ch32v00x_rcc.o
 .bss           0x0000000000000000        0x0 ./Peripheral/src/ch32v00x_rcc.o
 .text.RCC_DeInit
                0x0000000000000000       0x40 ./Peripheral/src/ch32v00x_rcc.o
 .text.RCC_HSEConfig
                0x0000000000000000       0x3c ./Peripheral/src/ch32v00x_rcc.o
 .text.RCC_AdjustHSICalibrationValue
                0x0000000000000000       0x12 ./Peripheral/src/ch32v00x_rcc.o
 .text.RCC_HSICmd
                0x0000000000000000       0x14 ./Peripheral/src/ch32v00x_rcc.o
 .text.RCC_PLLConfig
                0x0000000000000000       0x14 ./Peripheral/src/ch32v00x_rcc.o
 .text.RCC_PLLCmd
                0x0000000000000000       0x24 ./Peripheral/src/ch32v00x_rcc.o
 .text.RCC_SYSCLKConfig
                0x0000000000000000        0xe ./Peripheral/src/ch32v00x_rcc.o
 .text.RCC_GetSYSCLKSource
                0x0000000000000000        0xa ./Peripheral/src/ch32v00x_rcc.o
 .text.RCC_HCLKConfig
                0x0000000000000000       0x10 ./Peripheral/src/ch32v00x_rcc.o
 .text.RCC_ITConfig
                0x0000000000000000       0x16 ./Peripheral/src/ch32v00x_rcc.o
 .text.RCC_LSICmd
                0x0000000000000000       0x14 ./Peripheral/src/ch32v00x_rcc.o
 .text.RCC_AHBPeriphClockCmd
                0x0000000000000000       0x1e ./Peripheral/src/ch32v00x_rcc.o
 .text.RCC_APB1PeriphResetCmd
                0x0000000000000000       0x1e ./Peripheral/src/ch32v00x_rcc.o
 .text.RCC_ClockSecuritySystemCmd
                0x0000000000000000       0x24 ./Peripheral/src/ch32v00x_rcc.o
 .text.RCC_MCOConfig
                0x0000000000000000        0x8 ./Peripheral/src/ch32v00x_rcc.o
 .text.RCC_GetFlagStatus
                0x0000000000000000       0x20 ./Peripheral/src/ch32v00x_rcc.o
 .text.RCC_WaitForHSEStartUp
                0x0000000000000000       0x42 ./Peripheral/src/ch32v00x_rcc.o
 .text.RCC_ClearFlag
                0x0000000000000000       0x10 ./Peripheral/src/ch32v00x_rcc.o
 .text.RCC_GetITStatus
                0x0000000000000000        0xe ./Peripheral/src/ch32v00x_rcc.o
 .text.RCC_ClearITPendingBit
                0x0000000000000000        0x8 ./Peripheral/src/ch32v00x_rcc.o
 .text          0x0000000000000000        0x0 ./Peripheral/src/ch32v00x_spi.o
 .data          0x0000000000000000        0x0 ./Peripheral/src/ch32v00x_spi.o
 .bss           0x0000000000000000        0x0 ./Peripheral/src/ch32v00x_spi.o
 .text.SPI_I2S_DeInit
                0x0000000000000000       0x32 ./Peripheral/src/ch32v00x_spi.o
 .text.SPI_Init
                0x0000000000000000       0x32 ./Peripheral/src/ch32v00x_spi.o
 .text.SPI_StructInit
                0x0000000000000000       0x22 ./Peripheral/src/ch32v00x_spi.o
 .text.SPI_Cmd  0x0000000000000000       0x1a ./Peripheral/src/ch32v00x_spi.o
 .text.SPI_I2S_ITConfig
                0x0000000000000000       0x1e ./Peripheral/src/ch32v00x_spi.o
 .text.SPI_I2S_DMACmd
                0x0000000000000000       0x12 ./Peripheral/src/ch32v00x_spi.o
 .text.SPI_I2S_SendData
                0x0000000000000000        0x4 ./Peripheral/src/ch32v00x_spi.o
 .text.SPI_I2S_ReceiveData
                0x0000000000000000        0x4 ./Peripheral/src/ch32v00x_spi.o
 .text.SPI_NSSInternalSoftwareConfig
                0x0000000000000000       0x24 ./Peripheral/src/ch32v00x_spi.o
 .text.SPI_SSOutputCmd
                0x0000000000000000       0x18 ./Peripheral/src/ch32v00x_spi.o
 .text.SPI_DataSizeConfig
                0x0000000000000000       0x14 ./Peripheral/src/ch32v00x_spi.o
 .text.SPI_TransmitCRC
                0x0000000000000000        0xa ./Peripheral/src/ch32v00x_spi.o
 .text.SPI_CalculateCRC
                0x0000000000000000       0x16 ./Peripheral/src/ch32v00x_spi.o
 .text.SPI_GetCRC
                0x0000000000000000       0x12 ./Peripheral/src/ch32v00x_spi.o
 .text.SPI_GetCRCPolynomial
                0x0000000000000000        0x4 ./Peripheral/src/ch32v00x_spi.o
 .text.SPI_BiDirectionalLineConfig
                0x0000000000000000       0x1a ./Peripheral/src/ch32v00x_spi.o
 .text.SPI_I2S_GetFlagStatus
                0x0000000000000000        0xa ./Peripheral/src/ch32v00x_spi.o
 .text.SPI_I2S_ClearFlag
                0x0000000000000000        0xc ./Peripheral/src/ch32v00x_spi.o
 .text.SPI_I2S_GetITStatus
                0x0000000000000000       0x28 ./Peripheral/src/ch32v00x_spi.o
 .text.SPI_I2S_ClearITPendingBit
                0x0000000000000000       0x14 ./Peripheral/src/ch32v00x_spi.o
 .debug_info    0x0000000000000000     0x1067 ./Peripheral/src/ch32v00x_spi.o
 .debug_abbrev  0x0000000000000000      0x303 ./Peripheral/src/ch32v00x_spi.o
 .debug_loc     0x0000000000000000      0x429 ./Peripheral/src/ch32v00x_spi.o
 .debug_aranges
                0x0000000000000000       0xb8 ./Peripheral/src/ch32v00x_spi.o
 .debug_ranges  0x0000000000000000       0xa8 ./Peripheral/src/ch32v00x_spi.o
 .debug_line    0x0000000000000000      0xa29 ./Peripheral/src/ch32v00x_spi.o
 .debug_str     0x0000000000000000      0x987 ./Peripheral/src/ch32v00x_spi.o
 .comment       0x0000000000000000       0x34 ./Peripheral/src/ch32v00x_spi.o
 .debug_frame   0x0000000000000000      0x15c ./Peripheral/src/ch32v00x_spi.o
 .text          0x0000000000000000        0x0 ./Peripheral/src/ch32v00x_tim.o
 .data          0x0000000000000000        0x0 ./Peripheral/src/ch32v00x_tim.o
 .bss           0x0000000000000000        0x0 ./Peripheral/src/ch32v00x_tim.o
 .text.TI1_Config
                0x0000000000000000       0x5a ./Peripheral/src/ch32v00x_tim.o
 .text.TI2_Config
                0x0000000000000000       0x70 ./Peripheral/src/ch32v00x_tim.o
 .text.TIM_DeInit
                0x0000000000000000       0x5c ./Peripheral/src/ch32v00x_tim.o
 .text.TIM_OC3Init
                0x0000000000000000       0x94 ./Peripheral/src/ch32v00x_tim.o
 .text.TIM_BDTRConfig
                0x0000000000000000       0x20 ./Peripheral/src/ch32v00x_tim.o
 .text.TIM_TimeBaseStructInit
                0x0000000000000000       0x16 ./Peripheral/src/ch32v00x_tim.o
 .text.TIM_OCStructInit
                0x0000000000000000       0x22 ./Peripheral/src/ch32v00x_tim.o
 .text.TIM_ICStructInit
                0x0000000000000000       0x16 ./Peripheral/src/ch32v00x_tim.o
 .text.TIM_BDTRStructInit
                0x0000000000000000       0x1e ./Peripheral/src/ch32v00x_tim.o
 .text.TIM_ITConfig
                0x0000000000000000       0x12 ./Peripheral/src/ch32v00x_tim.o
 .text.TIM_GenerateEvent
                0x0000000000000000        0x4 ./Peripheral/src/ch32v00x_tim.o
 .text.TIM_DMAConfig
                0x0000000000000000        0x8 ./Peripheral/src/ch32v00x_tim.o
 .text.TIM_DMACmd
                0x0000000000000000       0x18 ./Peripheral/src/ch32v00x_tim.o
 .text.TIM_InternalClockConfig
                0x0000000000000000       0x10 ./Peripheral/src/ch32v00x_tim.o
 .text.TIM_ITRxExternalClockConfig
                0x0000000000000000       0x18 ./Peripheral/src/ch32v00x_tim.o
 .text.TIM_TIxExternalClockConfig
                0x0000000000000000       0x48 ./Peripheral/src/ch32v00x_tim.o
 .text.TIM_ETRConfig
                0x0000000000000000       0x16 ./Peripheral/src/ch32v00x_tim.o
 .text.TIM_ETRClockMode1Config
                0x0000000000000000       0x2a ./Peripheral/src/ch32v00x_tim.o
 .text.TIM_ETRClockMode2Config
                0x0000000000000000       0x22 ./Peripheral/src/ch32v00x_tim.o
 .text.TIM_PrescalerConfig
                0x0000000000000000        0x6 ./Peripheral/src/ch32v00x_tim.o
 .text.TIM_CounterModeConfig
                0x0000000000000000       0x10 ./Peripheral/src/ch32v00x_tim.o
 .text.TIM_SelectInputTrigger
                0x0000000000000000       0x10 ./Peripheral/src/ch32v00x_tim.o
 .text.TIM_EncoderInterfaceConfig
                0x0000000000000000       0x3c ./Peripheral/src/ch32v00x_tim.o
 .text.TIM_ForcedOC1Config
                0x0000000000000000       0x10 ./Peripheral/src/ch32v00x_tim.o
 .text.TIM_ForcedOC2Config
                0x0000000000000000       0x14 ./Peripheral/src/ch32v00x_tim.o
 .text.TIM_ForcedOC3Config
                0x0000000000000000       0x10 ./Peripheral/src/ch32v00x_tim.o
 .text.TIM_ForcedOC4Config
                0x0000000000000000       0x14 ./Peripheral/src/ch32v00x_tim.o
 .text.TIM_SelectCOM
                0x0000000000000000       0x18 ./Peripheral/src/ch32v00x_tim.o
 .text.TIM_SelectCCDMA
                0x0000000000000000       0x18 ./Peripheral/src/ch32v00x_tim.o
 .text.TIM_CCPreloadControl
                0x0000000000000000       0x18 ./Peripheral/src/ch32v00x_tim.o
 .text.TIM_OC3PreloadConfig
                0x0000000000000000        0xe ./Peripheral/src/ch32v00x_tim.o
 .text.TIM_OC1FastConfig
                0x0000000000000000        0xe ./Peripheral/src/ch32v00x_tim.o
 .text.TIM_OC2FastConfig
                0x0000000000000000       0x16 ./Peripheral/src/ch32v00x_tim.o
 .text.TIM_OC3FastConfig
                0x0000000000000000        0xe ./Peripheral/src/ch32v00x_tim.o
 .text.TIM_OC4FastConfig
                0x0000000000000000       0x16 ./Peripheral/src/ch32v00x_tim.o
 .text.TIM_ClearOC1Ref
                0x0000000000000000       0x10 ./Peripheral/src/ch32v00x_tim.o
 .text.TIM_ClearOC2Ref
                0x0000000000000000       0x12 ./Peripheral/src/ch32v00x_tim.o
 .text.TIM_ClearOC3Ref
                0x0000000000000000       0x10 ./Peripheral/src/ch32v00x_tim.o
 .text.TIM_ClearOC4Ref
                0x0000000000000000       0x12 ./Peripheral/src/ch32v00x_tim.o
 .text.TIM_OC1PolarityConfig
                0x0000000000000000        0xe ./Peripheral/src/ch32v00x_tim.o
 .text.TIM_OC1NPolarityConfig
                0x0000000000000000        0xe ./Peripheral/src/ch32v00x_tim.o
 .text.TIM_OC2PolarityConfig
                0x0000000000000000       0x16 ./Peripheral/src/ch32v00x_tim.o
 .text.TIM_OC2NPolarityConfig
                0x0000000000000000       0x16 ./Peripheral/src/ch32v00x_tim.o
 .text.TIM_OC3PolarityConfig
                0x0000000000000000       0x16 ./Peripheral/src/ch32v00x_tim.o
 .text.TIM_OC3NPolarityConfig
                0x0000000000000000       0x16 ./Peripheral/src/ch32v00x_tim.o
 .text.TIM_OC4PolarityConfig
                0x0000000000000000       0x14 ./Peripheral/src/ch32v00x_tim.o
 .text.TIM_CCxCmd
                0x0000000000000000       0x20 ./Peripheral/src/ch32v00x_tim.o
 .text.TIM_CCxNCmd
                0x0000000000000000       0x20 ./Peripheral/src/ch32v00x_tim.o
 .text.TIM_SelectOCxM
                0x0000000000000000       0x4c ./Peripheral/src/ch32v00x_tim.o
 .text.TIM_UpdateDisableConfig
                0x0000000000000000       0x18 ./Peripheral/src/ch32v00x_tim.o
 .text.TIM_UpdateRequestConfig
                0x0000000000000000       0x18 ./Peripheral/src/ch32v00x_tim.o
 .text.TIM_SelectHallSensor
                0x0000000000000000       0x1a ./Peripheral/src/ch32v00x_tim.o
 .text.TIM_SelectOnePulseMode
                0x0000000000000000       0x16 ./Peripheral/src/ch32v00x_tim.o
 .text.TIM_SelectOutputTrigger
                0x0000000000000000       0x18 ./Peripheral/src/ch32v00x_tim.o
 .text.TIM_SelectSlaveMode
                0x0000000000000000       0x16 ./Peripheral/src/ch32v00x_tim.o
 .text.TIM_SelectMasterSlaveMode
                0x0000000000000000       0x18 ./Peripheral/src/ch32v00x_tim.o
 .text.TIM_SetCounter
                0x0000000000000000        0x4 ./Peripheral/src/ch32v00x_tim.o
 .text.TIM_SetAutoreload
                0x0000000000000000        0x4 ./Peripheral/src/ch32v00x_tim.o
 .text.TIM_SetCompare3
                0x0000000000000000        0x4 ./Peripheral/src/ch32v00x_tim.o
 .text.TIM_SetIC1Prescaler
                0x0000000000000000       0x16 ./Peripheral/src/ch32v00x_tim.o
 .text.TIM_SetIC2Prescaler
                0x0000000000000000       0x1a ./Peripheral/src/ch32v00x_tim.o
 .text.TIM_PWMIConfig
                0x0000000000000000       0xa4 ./Peripheral/src/ch32v00x_tim.o
 .text.TIM_SetIC3Prescaler
                0x0000000000000000       0x16 ./Peripheral/src/ch32v00x_tim.o
 .text.TIM_SetIC4Prescaler
                0x0000000000000000       0x1a ./Peripheral/src/ch32v00x_tim.o
 .text.TIM_ICInit
                0x0000000000000000      0x14e ./Peripheral/src/ch32v00x_tim.o
 .text.TIM_SetClockDivision
                0x0000000000000000       0x18 ./Peripheral/src/ch32v00x_tim.o
 .text.TIM_GetCapture1
                0x0000000000000000        0x8 ./Peripheral/src/ch32v00x_tim.o
 .text.TIM_GetCapture2
                0x0000000000000000        0x8 ./Peripheral/src/ch32v00x_tim.o
 .text.TIM_GetCapture3
                0x0000000000000000        0x8 ./Peripheral/src/ch32v00x_tim.o
 .text.TIM_GetCapture4
                0x0000000000000000        0x8 ./Peripheral/src/ch32v00x_tim.o
 .text.TIM_GetCounter
                0x0000000000000000        0x4 ./Peripheral/src/ch32v00x_tim.o
 .text.TIM_GetPrescaler
                0x0000000000000000        0x4 ./Peripheral/src/ch32v00x_tim.o
 .text.TIM_GetFlagStatus
                0x0000000000000000        0xa ./Peripheral/src/ch32v00x_tim.o
 .text.TIM_ClearFlag
                0x0000000000000000        0xc ./Peripheral/src/ch32v00x_tim.o
 .text.TIM_GetITStatus
                0x0000000000000000       0x18 ./Peripheral/src/ch32v00x_tim.o
 .text.TIM_ClearITPendingBit
                0x0000000000000000        0xc ./Peripheral/src/ch32v00x_tim.o
 .text          0x0000000000000000        0x0 ./Peripheral/src/ch32v00x_usart.o
 .data          0x0000000000000000        0x0 ./Peripheral/src/ch32v00x_usart.o
 .bss           0x0000000000000000        0x0 ./Peripheral/src/ch32v00x_usart.o
 .text.USART_DeInit
                0x0000000000000000       0x36 ./Peripheral/src/ch32v00x_usart.o
 .text.USART_StructInit
                0x0000000000000000       0x18 ./Peripheral/src/ch32v00x_usart.o
 .text.USART_ClockInit
                0x0000000000000000       0x1e ./Peripheral/src/ch32v00x_usart.o
 .text.USART_ClockStructInit
                0x0000000000000000       0x12 ./Peripheral/src/ch32v00x_usart.o
 .text.USART_DMACmd
                0x0000000000000000       0x12 ./Peripheral/src/ch32v00x_usart.o
 .text.USART_SetAddress
                0x0000000000000000       0x16 ./Peripheral/src/ch32v00x_usart.o
 .text.USART_WakeUpConfig
                0x0000000000000000       0x14 ./Peripheral/src/ch32v00x_usart.o
 .text.USART_ReceiverWakeUpCmd
                0x0000000000000000       0x18 ./Peripheral/src/ch32v00x_usart.o
 .text.USART_LINBreakDetectLengthConfig
                0x0000000000000000       0x18 ./Peripheral/src/ch32v00x_usart.o
 .text.USART_LINCmd
                0x0000000000000000       0x16 ./Peripheral/src/ch32v00x_usart.o
 .text.USART_SendBreak
                0x0000000000000000        0xa ./Peripheral/src/ch32v00x_usart.o
 .text.USART_SetGuardTime
                0x0000000000000000       0x12 ./Peripheral/src/ch32v00x_usart.o
 .text.USART_SetPrescaler
                0x0000000000000000       0x18 ./Peripheral/src/ch32v00x_usart.o
 .text.USART_SmartCardCmd
                0x0000000000000000       0x1a ./Peripheral/src/ch32v00x_usart.o
 .text.USART_SmartCardNACKCmd
                0x0000000000000000       0x18 ./Peripheral/src/ch32v00x_usart.o
 .text.USART_HalfDuplexCmd
                0x0000000000000000       0x18 ./Peripheral/src/ch32v00x_usart.o
 .text.USART_OverSampling8Cmd
                0x0000000000000000       0x12 ./Peripheral/src/ch32v00x_usart.o
 .text.USART_OneBitMethodCmd
                0x0000000000000000       0x1e ./Peripheral/src/ch32v00x_usart.o
 .text.USART_IrDAConfig
                0x0000000000000000       0x16 ./Peripheral/src/ch32v00x_usart.o
 .text.USART_IrDACmd
                0x0000000000000000       0x18 ./Peripheral/src/ch32v00x_usart.o
 .text.USART_ClearFlag
                0x0000000000000000        0xc ./Peripheral/src/ch32v00x_usart.o
 .text.USART_ClearITPendingBit
                0x0000000000000000       0x14 ./Peripheral/src/ch32v00x_usart.o
 .text          0x0000000000000000        0x0 ./Peripheral/src/ch32v00x_wwdg.o
 .data          0x0000000000000000        0x0 ./Peripheral/src/ch32v00x_wwdg.o
 .bss           0x0000000000000000        0x0 ./Peripheral/src/ch32v00x_wwdg.o
 .text.WWDG_DeInit
                0x0000000000000000       0x2e ./Peripheral/src/ch32v00x_wwdg.o
 .text.WWDG_SetPrescaler
                0x0000000000000000       0x14 ./Peripheral/src/ch32v00x_wwdg.o
 .text.WWDG_SetWindowValue
                0x0000000000000000       0x26 ./Peripheral/src/ch32v00x_wwdg.o
 .text.WWDG_EnableIT
                0x0000000000000000       0x12 ./Peripheral/src/ch32v00x_wwdg.o
 .text.WWDG_SetCounter
                0x0000000000000000        0xe ./Peripheral/src/ch32v00x_wwdg.o
 .text.WWDG_Enable
                0x0000000000000000        0xe ./Peripheral/src/ch32v00x_wwdg.o
 .text.WWDG_GetFlagStatus
                0x0000000000000000        0xa ./Peripheral/src/ch32v00x_wwdg.o
 .text.WWDG_ClearFlag
                0x0000000000000000        0xa ./Peripheral/src/ch32v00x_wwdg.o
 .debug_info    0x0000000000000000      0xb27 ./Peripheral/src/ch32v00x_wwdg.o
 .debug_abbrev  0x0000000000000000      0x29d ./Peripheral/src/ch32v00x_wwdg.o
 .debug_loc     0x0000000000000000       0xae ./Peripheral/src/ch32v00x_wwdg.o
 .debug_aranges
                0x0000000000000000       0x58 ./Peripheral/src/ch32v00x_wwdg.o
 .debug_ranges  0x0000000000000000       0x48 ./Peripheral/src/ch32v00x_wwdg.o
 .debug_line    0x0000000000000000      0x4eb ./Peripheral/src/ch32v00x_wwdg.o
 .debug_str     0x0000000000000000      0x700 ./Peripheral/src/ch32v00x_wwdg.o
 .comment       0x0000000000000000       0x34 ./Peripheral/src/ch32v00x_wwdg.o
 .debug_frame   0x0000000000000000       0xa4 ./Peripheral/src/ch32v00x_wwdg.o
 .text          0x0000000000000000        0x0 ./Debug/debug.o
 .data          0x0000000000000000        0x0 ./Debug/debug.o
 .bss           0x0000000000000000        0x0 ./Debug/debug.o
 .text.Delay_Us
                0x0000000000000000       0x4a ./Debug/debug.o
 .text.USART_Printf_Init
                0x0000000000000000       0x74 ./Debug/debug.o
 .text._write   0x0000000000000000       0x60 ./Debug/debug.o
 .text._sbrk    0x0000000000000000       0x2e ./Debug/debug.o
 .data.curbrk.4068
                0x0000000000000000        0x4 ./Debug/debug.o
 .text          0x0000000000000000        0x0 ./Core/core_riscv.o
 .data          0x0000000000000000        0x0 ./Core/core_riscv.o
 .bss           0x0000000000000000        0x0 ./Core/core_riscv.o
 .text.__get_MSTATUS
                0x0000000000000000        0x6 ./Core/core_riscv.o
 .text.__set_MSTATUS
                0x0000000000000000        0x6 ./Core/core_riscv.o
 .text.__get_MISA
                0x0000000000000000        0x6 ./Core/core_riscv.o
 .text.__set_MISA
                0x0000000000000000        0x6 ./Core/core_riscv.o
 .text.__get_MTVEC
                0x0000000000000000        0x6 ./Core/core_riscv.o
 .text.__set_MTVEC
                0x0000000000000000        0x6 ./Core/core_riscv.o
 .text.__get_MSCRATCH
                0x0000000000000000        0x6 ./Core/core_riscv.o
 .text.__set_MSCRATCH
                0x0000000000000000        0x6 ./Core/core_riscv.o
 .text.__get_MEPC
                0x0000000000000000        0x6 ./Core/core_riscv.o
 .text.__set_MEPC
                0x0000000000000000        0x6 ./Core/core_riscv.o
 .text.__get_MCAUSE
                0x0000000000000000        0x6 ./Core/core_riscv.o
 .text.__set_MCAUSE
                0x0000000000000000        0x6 ./Core/core_riscv.o
 .text.__get_MVENDORID
                0x0000000000000000        0x6 ./Core/core_riscv.o
 .text.__get_MARCHID
                0x0000000000000000        0x6 ./Core/core_riscv.o
 .text.__get_MIMPID
                0x0000000000000000        0x6 ./Core/core_riscv.o
 .text.__get_MHARTID
                0x0000000000000000        0x6 ./Core/core_riscv.o
 .text.__get_SP
                0x0000000000000000        0x4 ./Core/core_riscv.o
 .debug_info    0x0000000000000000      0x324 ./Core/core_riscv.o
 .debug_abbrev  0x0000000000000000       0xe0 ./Core/core_riscv.o
 .debug_aranges
                0x0000000000000000       0xa0 ./Core/core_riscv.o
 .debug_ranges  0x0000000000000000       0x90 ./Core/core_riscv.o
 .debug_line    0x0000000000000000      0x425 ./Core/core_riscv.o
 .debug_str     0x0000000000000000      0x2c4 ./Core/core_riscv.o
 .comment       0x0000000000000000       0x34 ./Core/core_riscv.o
 .debug_frame   0x0000000000000000      0x120 ./Core/core_riscv.o
 .data          0x0000000000000000        0x0 c:/mounriver/mounriver_studio/toolchain/risc-v embedded gcc/bin/../lib/gcc/riscv-none-embed/8.2.0/rv32ecxw/ilp32e\libgcc.a(save-restore.o)
 .bss           0x0000000000000000        0x0 c:/mounriver/mounriver_studio/toolchain/risc-v embedded gcc/bin/../lib/gcc/riscv-none-embed/8.2.0/rv32ecxw/ilp32e\libgcc.a(save-restore.o)
 .eh_frame      0x0000000000000000       0x68 c:/mounriver/mounriver_studio/toolchain/risc-v embedded gcc/bin/../lib/gcc/riscv-none-embed/8.2.0/rv32ecxw/ilp32e\libgcc.a(save-restore.o)
 .data          0x0000000000000000        0x0 c:/mounriver/mounriver_studio/toolchain/risc-v embedded gcc/bin/../lib/gcc/riscv-none-embed/8.2.0/rv32ecxw/ilp32e\libgcc.a(muldi3.o)
 .bss           0x0000000000000000        0x0 c:/mounriver/mounriver_studio/toolchain/risc-v embedded gcc/bin/../lib/gcc/riscv-none-embed/8.2.0/rv32ecxw/ilp32e\libgcc.a(muldi3.o)
 .data          0x0000000000000000        0x0 c:/mounriver/mounriver_studio/toolchain/risc-v embedded gcc/bin/../lib/gcc/riscv-none-embed/8.2.0/rv32ecxw/ilp32e\libgcc.a(div.o)
 .bss           0x0000000000000000        0x0 c:/mounriver/mounriver_studio/toolchain/risc-v embedded gcc/bin/../lib/gcc/riscv-none-embed/8.2.0/rv32ecxw/ilp32e\libgcc.a(div.o)
 .data          0x0000000000000000        0x0 c:/mounriver/mounriver_studio/toolchain/risc-v embedded gcc/bin/../lib/gcc/riscv-none-embed/8.2.0/../../../../riscv-none-embed/lib/rv32ecxw/ilp32e\libg_nano.a(lib_a-memset.o)
 .bss           0x0000000000000000        0x0 c:/mounriver/mounriver_studio/toolchain/risc-v embedded gcc/bin/../lib/gcc/riscv-none-embed/8.2.0/../../../../riscv-none-embed/lib/rv32ecxw/ilp32e\libg_nano.a(lib_a-memset.o)
 .text          0x0000000000000000        0x0 c:/mounriver/mounriver_studio/toolchain/risc-v embedded gcc/bin/../lib/gcc/riscv-none-embed/8.2.0/../../../../riscv-none-embed/lib/rv32ecxw/ilp32e\libg_nano.a(lib_a-strlen.o)
 .data          0x0000000000000000        0x0 c:/mounriver/mounriver_studio/toolchain/risc-v embedded gcc/bin/../lib/gcc/riscv-none-embed/8.2.0/../../../../riscv-none-embed/lib/rv32ecxw/ilp32e\libg_nano.a(lib_a-strlen.o)
 .bss           0x0000000000000000        0x0 c:/mounriver/mounriver_studio/toolchain/risc-v embedded gcc/bin/../lib/gcc/riscv-none-embed/8.2.0/../../../../riscv-none-embed/lib/rv32ecxw/ilp32e\libg_nano.a(lib_a-strlen.o)

Memory Configuration

Name             Origin             Length             Attributes
FLASH            0x0000000000000000 0x0000000000004000 xr
RAM              0x0000000020000000 0x0000000000000800 xrw
*default*        0x0000000000000000 0xffffffffffffffff

Linker script and memory map

LOAD ./User/96OLEDI2C.o
LOAD ./User/AHT20.o
LOAD ./User/SerialPort.o
LOAD ./User/ch32v00x_it.o
LOAD ./User/i2c_common.o
LOAD ./User/main.o
LOAD ./User/system_ch32v00x.o
LOAD ./Startup/startup_ch32v00x.o
LOAD ./Peripheral/src/ch32v00x_adc.o
LOAD ./Peripheral/src/ch32v00x_dbgmcu.o
LOAD ./Peripheral/src/ch32v00x_dma.o
LOAD ./Peripheral/src/ch32v00x_exti.o
LOAD ./Peripheral/src/ch32v00x_flash.o
LOAD ./Peripheral/src/ch32v00x_gpio.o
LOAD ./Peripheral/src/ch32v00x_i2c.o
LOAD ./Peripheral/src/ch32v00x_iwdg.o
LOAD ./Peripheral/src/ch32v00x_misc.o
LOAD ./Peripheral/src/ch32v00x_opa.o
LOAD ./Peripheral/src/ch32v00x_pwr.o
LOAD ./Peripheral/src/ch32v00x_rcc.o
LOAD ./Peripheral/src/ch32v00x_spi.o
LOAD ./Peripheral/src/ch32v00x_tim.o
LOAD ./Peripheral/src/ch32v00x_usart.o
LOAD ./Peripheral/src/ch32v00x_wwdg.o
LOAD ./Debug/debug.o
LOAD ./Core/core_riscv.o
LOAD c:/mounriver/mounriver_studio/toolchain/risc-v embedded gcc/bin/../lib/gcc/riscv-none-embed/8.2.0/../../../../riscv-none-embed/lib/rv32ecxw/ilp32e\libprintf.a
LOAD c:/mounriver/mounriver_studio/toolchain/risc-v embedded gcc/bin/../lib/gcc/riscv-none-embed/8.2.0/rv32ecxw/ilp32e\libgcc.a
LOAD c:/mounriver/mounriver_studio/toolchain/risc-v embedded gcc/bin/../lib/gcc/riscv-none-embed/8.2.0/../../../../riscv-none-embed/lib/rv32ecxw/ilp32e\libg_nano.a
LOAD c:/mounriver/mounriver_studio/toolchain/risc-v embedded gcc/bin/../lib/gcc/riscv-none-embed/8.2.0/../../../../riscv-none-embed/lib/rv32ecxw/ilp32e\libc_nano.a
LOAD c:/mounriver/mounriver_studio/toolchain/risc-v embedded gcc/bin/../lib/gcc/riscv-none-embed/8.2.0/rv32ecxw/ilp32e\libgcc.a
START GROUP
LOAD c:/mounriver/mounriver_studio/toolchain/risc-v embedded gcc/bin/../lib/gcc/riscv-none-embed/8.2.0/rv32ecxw/ilp32e\libgcc.a
LOAD c:/mounriver/mounriver_studio/toolchain/risc-v embedded gcc/bin/../lib/gcc/riscv-none-embed/8.2.0/../../../../riscv-none-embed/lib/rv32ecxw/ilp32e\libc_nano.a
LOAD c:/mounriver/mounriver_studio/toolchain/risc-v embedded gcc/bin/../lib/gcc/riscv-none-embed/8.2.0/../../../../riscv-none-embed/lib/rv32ecxw/ilp32e\libnosys.a
END GROUP
START GROUP
LOAD c:/mounriver/mounriver_studio/toolchain/risc-v embedded gcc/bin/../lib/gcc/riscv-none-embed/8.2.0/rv32ecxw/ilp32e\libgcc.a
LOAD c:/mounriver/mounriver_studio/toolchain/risc-v embedded gcc/bin/../lib/gcc/riscv-none-embed/8.2.0/../../../../riscv-none-embed/lib/rv32ecxw/ilp32e\libc_nano.a
LOAD c:/mounriver/mounriver_studio/toolchain/risc-v embedded gcc/bin/../lib/gcc/riscv-none-embed/8.2.0/../../../../riscv-none-embed/lib/rv32ecxw/ilp32e\libnosys.a
END GROUP
                0x0000000000000100                __stack_size = 0x100
                [!provide]                        PROVIDE (_stack_size = __stack_size)

.init           0x0000000000000000       0xa0
                0x0000000000000000                _sinit = .
                0x0000000000000000                . = ALIGN (0x4)
 *(SORT_NONE(.init))
 .init          0x0000000000000000       0x9e ./Startup/startup_ch32v00x.o
                0x0000000000000000                _start
                0x00000000000000a0                . = ALIGN (0x4)
 *fill*         0x000000000000009e        0x2 
                0x00000000000000a0                _einit = .

.text           0x00000000000000a0     0x237c
                0x00000000000000a0                . = ALIGN (0x4)
 *(.text)
 .text          0x00000000000000a0       0x14 c:/mounriver/mounriver_studio/toolchain/risc-v embedded gcc/bin/../lib/gcc/riscv-none-embed/8.2.0/rv32ecxw/ilp32e\libgcc.a(save-restore.o)
                0x00000000000000a0                __riscv_save_1
                0x00000000000000a0                __riscv_save_2
                0x00000000000000a0                __riscv_save_0
                0x00000000000000aa                __riscv_restore_0
                0x00000000000000aa                __riscv_restore_1
                0x00000000000000aa                __riscv_restore_2
 .text          0x00000000000000b4       0x16 c:/mounriver/mounriver_studio/toolchain/risc-v embedded gcc/bin/../lib/gcc/riscv-none-embed/8.2.0/rv32ecxw/ilp32e\libgcc.a(muldi3.o)
                0x00000000000000b4                __mulsi3
 *fill*         0x00000000000000ca        0x2 
 .text          0x00000000000000cc       0x7e c:/mounriver/mounriver_studio/toolchain/risc-v embedded gcc/bin/../lib/gcc/riscv-none-embed/8.2.0/rv32ecxw/ilp32e\libgcc.a(div.o)
                0x00000000000000cc                __divsi3
                0x00000000000000d4                __udivsi3
                0x0000000000000100                __umodsi3
                0x0000000000000124                __modsi3
 .text          0x000000000000014a       0xa8 c:/mounriver/mounriver_studio/toolchain/risc-v embedded gcc/bin/../lib/gcc/riscv-none-embed/8.2.0/../../../../riscv-none-embed/lib/rv32ecxw/ilp32e\libg_nano.a(lib_a-memset.o)
                0x000000000000014a                memset
 *(.text.*)
 .text.OLEDI2CCMD
                0x00000000000001f2       0x14 ./User/96OLEDI2C.o
                0x00000000000001f2                OLEDI2CCMD
 .text.OLEDI2CInit
                0x0000000000000206       0x7a ./User/96OLEDI2C.o
                0x0000000000000206                OLEDI2CInit
 .text.OLEDI2CSetPage
                0x0000000000000280       0x14 ./User/96OLEDI2C.o
                0x0000000000000280                OLEDI2CSetPage
 .text.OLEDI2CSetCol
                0x0000000000000294       0x1e ./User/96OLEDI2C.o
                0x0000000000000294                OLEDI2CSetCol
 .text.OLEDI2CPutChar
                0x00000000000002b2       0x62 ./User/96OLEDI2C.o
                0x00000000000002b2                OLEDI2CPutChar
 .text.OLEDI2CPutStr
                0x0000000000000314       0x38 ./User/96OLEDI2C.o
                0x0000000000000314                OLEDI2CPutStr
 .text.OLEDI2CWriteMuiltiByte
                0x000000000000034c       0x50 ./User/96OLEDI2C.o
                0x000000000000034c                OLEDI2CWriteMuiltiByte
 .text.OLEDI2CFillScreen
                0x000000000000039c       0x62 ./User/96OLEDI2C.o
                0x000000000000039c                OLEDI2CFillScreen
 .text.OLEDI2CPattern
                0x00000000000003fe       0x32 ./User/96OLEDI2C.o
                0x00000000000003fe                OLEDI2CPattern
 .text.AHT20FReset
                0x0000000000000430       0x34 ./User/AHT20.o
                0x0000000000000430                AHT20FReset
 .text.AHT20FInit
                0x0000000000000464       0x36 ./User/AHT20.o
                0x0000000000000464                AHT20FInit
 .text.AHT20Measure
                0x000000000000049a       0x36 ./User/AHT20.o
                0x000000000000049a                AHT20Measure
 .text.AHT20ReadTH
                0x00000000000004d0       0x8a ./User/AHT20.o
                0x00000000000004d0                AHT20ReadTH
 .text.UsartConfig
                0x000000000000055a       0xaa ./User/SerialPort.o
                0x000000000000055a                UsartConfig
 .text.UARTSendString
                0x0000000000000604       0x58 ./User/SerialPort.o
                0x0000000000000604                UARTSendString
 .text.UARTDebugPrint
                0x000000000000065c       0x3c ./User/SerialPort.o
                0x000000000000065c                UARTDebugPrint
 .text.UARTSendBuffer
                0x0000000000000698       0x38 ./User/SerialPort.o
                0x0000000000000698                UARTSendBuffer
 .text.NMI_Handler
                0x00000000000006d0        0x4 ./User/ch32v00x_it.o
                0x00000000000006d0                NMI_Handler
 .text.HardFault_Handler
                0x00000000000006d4        0x2 ./User/ch32v00x_it.o
                0x00000000000006d4                HardFault_Handler
 .text.I2CWriteBytes
                0x00000000000006d6       0xd0 ./User/i2c_common.o
                0x00000000000006d6                I2CWriteBytes
 .text.I2CReadBytes
                0x00000000000007a6       0xd0 ./User/i2c_common.o
                0x00000000000007a6                I2CReadBytes
 .text.RGB_PWMConfig
                0x0000000000000876      0x116 ./User/main.o
                0x0000000000000876                RGB_PWMConfig
 .text.SetRGB   0x000000000000098c       0x86 ./User/main.o
                0x000000000000098c                SetRGB
 .text.BlinkLED
                0x0000000000000a12       0x66 ./User/main.o
                0x0000000000000a12                BlinkLED
 .text.Beep     0x0000000000000a78       0x74 ./User/main.o
                0x0000000000000a78                Beep
 .text.ADCConfig
                0x0000000000000aec      0x100 ./User/main.o
                0x0000000000000aec                ADCConfig
 .text.GPIOConfig
                0x0000000000000bec       0x96 ./User/main.o
                0x0000000000000bec                GPIOConfig
 .text.KeysConfig
                0x0000000000000c82       0x92 ./User/main.o
                0x0000000000000c82                KeysConfig
 .text.IIC_Init
                0x0000000000000d14       0x98 ./User/main.o
                0x0000000000000d14                IIC_Init
 .text.DigitSeperation
                0x0000000000000dac       0x3a ./User/main.o
                0x0000000000000dac                DigitSeperation
 .text.EXTI7_0_IRQHandler
                0x0000000000000de6       0x2c ./User/main.o
                0x0000000000000de6                EXTI7_0_IRQHandler
 .text.startup.main
                0x0000000000000e12      0x3f0 ./User/main.o
                0x0000000000000e12                main
 .text.ADC1_IRQHandler
                0x0000000000001202       0x3a ./User/main.o
                0x0000000000001202                ADC1_IRQHandler
 .text.USART1_IRQHandler
                0x000000000000123c       0x52 ./User/main.o
                0x000000000000123c                USART1_IRQHandler
 .text.SystemInit
                0x000000000000128e       0xbc ./User/system_ch32v00x.o
                0x000000000000128e                SystemInit
 .text.SystemCoreClockUpdate
                0x000000000000134a       0x6c ./User/system_ch32v00x.o
                0x000000000000134a                SystemCoreClockUpdate
 .text.vector_handler
                0x00000000000013b6       0x36 ./Startup/startup_ch32v00x.o
                0x00000000000013ba                SysTick_Handler
                0x00000000000013bc                SW_Handler
                0x00000000000013be                WWDG_IRQHandler
                0x00000000000013c0                PVD_IRQHandler
                0x00000000000013c2                FLASH_IRQHandler
                0x00000000000013c4                RCC_IRQHandler
                0x00000000000013c8                AWU_IRQHandler
                0x00000000000013ca                DMA1_Channel1_IRQHandler
                0x00000000000013cc                DMA1_Channel2_IRQHandler
                0x00000000000013ce                DMA1_Channel3_IRQHandler
                0x00000000000013d0                DMA1_Channel4_IRQHandler
                0x00000000000013d2                DMA1_Channel5_IRQHandler
                0x00000000000013d4                DMA1_Channel6_IRQHandler
                0x00000000000013d6                DMA1_Channel7_IRQHandler
                0x00000000000013da                I2C1_EV_IRQHandler
                0x00000000000013dc                I2C1_ER_IRQHandler
                0x00000000000013e0                SPI1_IRQHandler
                0x00000000000013e2                TIM1_BRK_IRQHandler
                0x00000000000013e4                TIM1_UP_IRQHandler
                0x00000000000013e6                TIM1_TRG_COM_IRQHandler
                0x00000000000013e8                TIM1_CC_IRQHandler
                0x00000000000013ea                TIM2_IRQHandler
 .text.handle_reset
                0x00000000000013ec       0x84 ./Startup/startup_ch32v00x.o
                0x00000000000013ec                handle_reset
 .text.ADC_DeInit
                0x0000000000001470       0x26 ./Peripheral/src/ch32v00x_adc.o
                0x0000000000001470                ADC_DeInit
 .text.ADC_Init
                0x0000000000001496       0x4e ./Peripheral/src/ch32v00x_adc.o
                0x0000000000001496                ADC_Init
 .text.ADC_Cmd  0x00000000000014e4       0x10 ./Peripheral/src/ch32v00x_adc.o
                0x00000000000014e4                ADC_Cmd
 .text.ADC_ITConfig
                0x00000000000014f4       0x16 ./Peripheral/src/ch32v00x_adc.o
                0x00000000000014f4                ADC_ITConfig
 .text.ADC_ResetCalibration
                0x000000000000150a        0xa ./Peripheral/src/ch32v00x_adc.o
                0x000000000000150a                ADC_ResetCalibration
 .text.ADC_GetResetCalibrationStatus
                0x0000000000001514        0x8 ./Peripheral/src/ch32v00x_adc.o
                0x0000000000001514                ADC_GetResetCalibrationStatus
 .text.ADC_StartCalibration
                0x000000000000151c        0xa ./Peripheral/src/ch32v00x_adc.o
                0x000000000000151c                ADC_StartCalibration
 .text.ADC_GetCalibrationStatus
                0x0000000000001526        0x8 ./Peripheral/src/ch32v00x_adc.o
                0x0000000000001526                ADC_GetCalibrationStatus
 .text.ADC_ExternalTrigInjectedConvCmd
                0x000000000000152e       0x14 ./Peripheral/src/ch32v00x_adc.o
                0x000000000000152e                ADC_ExternalTrigInjectedConvCmd
 .text.ADC_SoftwareStartInjectedConvCmd
                0x0000000000001542       0x18 ./Peripheral/src/ch32v00x_adc.o
                0x0000000000001542                ADC_SoftwareStartInjectedConvCmd
 .text.ADC_InjectedChannelConfig
                0x000000000000155a       0x7a ./Peripheral/src/ch32v00x_adc.o
                0x000000000000155a                ADC_InjectedChannelConfig
 .text.ADC_InjectedSequencerLengthConfig
                0x00000000000015d4       0x14 ./Peripheral/src/ch32v00x_adc.o
                0x00000000000015d4                ADC_InjectedSequencerLengthConfig
 .text.ADC_GetInjectedConversionValue
                0x00000000000015e8       0x1c ./Peripheral/src/ch32v00x_adc.o
                0x00000000000015e8                ADC_GetInjectedConversionValue
 .text.ADC_GetITStatus
                0x0000000000001604       0x1c ./Peripheral/src/ch32v00x_adc.o
                0x0000000000001604                ADC_GetITStatus
 .text.ADC_ClearITPendingBit
                0x0000000000001620        0xa ./Peripheral/src/ch32v00x_adc.o
                0x0000000000001620                ADC_ClearITPendingBit
 .text.ADC_Calibration_Vol
                0x000000000000162a       0x14 ./Peripheral/src/ch32v00x_adc.o
                0x000000000000162a                ADC_Calibration_Vol
 .text.EXTI_Init
                0x000000000000163e       0x6a ./Peripheral/src/ch32v00x_exti.o
                0x000000000000163e                EXTI_Init
 .text.EXTI_GetITStatus
                0x00000000000016a8       0x1e ./Peripheral/src/ch32v00x_exti.o
                0x00000000000016a8                EXTI_GetITStatus
 .text.EXTI_ClearITPendingBit
                0x00000000000016c6        0xa ./Peripheral/src/ch32v00x_exti.o
                0x00000000000016c6                EXTI_ClearITPendingBit
 .text.GPIO_Init
                0x00000000000016d0       0xd6 ./Peripheral/src/ch32v00x_gpio.o
                0x00000000000016d0                GPIO_Init
 .text.GPIO_SetBits
                0x00000000000017a6        0x4 ./Peripheral/src/ch32v00x_gpio.o
                0x00000000000017a6                GPIO_SetBits
 .text.GPIO_ResetBits
                0x00000000000017aa        0x4 ./Peripheral/src/ch32v00x_gpio.o
                0x00000000000017aa                GPIO_ResetBits
 .text.GPIO_EXTILineConfig
                0x00000000000017ae       0x22 ./Peripheral/src/ch32v00x_gpio.o
                0x00000000000017ae                GPIO_EXTILineConfig
 .text.I2C_Init
                0x00000000000017d0       0xe2 ./Peripheral/src/ch32v00x_i2c.o
                0x00000000000017d0                I2C_Init
 .text.I2C_Cmd  0x00000000000018b2       0x18 ./Peripheral/src/ch32v00x_i2c.o
                0x00000000000018b2                I2C_Cmd
 .text.I2C_GenerateSTART
                0x00000000000018ca       0x1a ./Peripheral/src/ch32v00x_i2c.o
                0x00000000000018ca                I2C_GenerateSTART
 .text.I2C_GenerateSTOP
                0x00000000000018e4       0x1a ./Peripheral/src/ch32v00x_i2c.o
                0x00000000000018e4                I2C_GenerateSTOP
 .text.I2C_AcknowledgeConfig
                0x00000000000018fe       0x1a ./Peripheral/src/ch32v00x_i2c.o
                0x00000000000018fe                I2C_AcknowledgeConfig
 .text.I2C_SendData
                0x0000000000001918        0x4 ./Peripheral/src/ch32v00x_i2c.o
                0x0000000000001918                I2C_SendData
 .text.I2C_ReceiveData
                0x000000000000191c        0x8 ./Peripheral/src/ch32v00x_i2c.o
                0x000000000000191c                I2C_ReceiveData
 .text.I2C_Send7bitAddress
                0x0000000000001924       0x12 ./Peripheral/src/ch32v00x_i2c.o
                0x0000000000001924                I2C_Send7bitAddress
 .text.I2C_CheckEvent
                0x0000000000001936       0x16 ./Peripheral/src/ch32v00x_i2c.o
                0x0000000000001936                I2C_CheckEvent
 .text.I2C_GetFlagStatus
                0x000000000000194c       0x32 ./Peripheral/src/ch32v00x_i2c.o
                0x000000000000194c                I2C_GetFlagStatus
 .text.NVIC_PriorityGroupConfig
                0x000000000000197e        0x6 ./Peripheral/src/ch32v00x_misc.o
                0x000000000000197e                NVIC_PriorityGroupConfig
 .text.NVIC_Init
                0x0000000000001984       0xa6 ./Peripheral/src/ch32v00x_misc.o
                0x0000000000001984                NVIC_Init
 .text.RCC_ADCCLKConfig
                0x0000000000001a2a       0x14 ./Peripheral/src/ch32v00x_rcc.o
                0x0000000000001a2a                RCC_ADCCLKConfig
 .text.RCC_GetClocksFreq
                0x0000000000001a3e       0x9c ./Peripheral/src/ch32v00x_rcc.o
                0x0000000000001a3e                RCC_GetClocksFreq
 .text.RCC_APB2PeriphClockCmd
                0x0000000000001ada       0x1e ./Peripheral/src/ch32v00x_rcc.o
                0x0000000000001ada                RCC_APB2PeriphClockCmd
 .text.RCC_APB1PeriphClockCmd
                0x0000000000001af8       0x1e ./Peripheral/src/ch32v00x_rcc.o
                0x0000000000001af8                RCC_APB1PeriphClockCmd
 .text.RCC_APB2PeriphResetCmd
                0x0000000000001b16       0x1e ./Peripheral/src/ch32v00x_rcc.o
                0x0000000000001b16                RCC_APB2PeriphResetCmd
 .text.TIM_TimeBaseInit
                0x0000000000001b34       0x4e ./Peripheral/src/ch32v00x_tim.o
                0x0000000000001b34                TIM_TimeBaseInit
 .text.TIM_OC1Init
                0x0000000000001b82       0x6a ./Peripheral/src/ch32v00x_tim.o
                0x0000000000001b82                TIM_OC1Init
 .text.TIM_OC2Init
                0x0000000000001bec       0x96 ./Peripheral/src/ch32v00x_tim.o
                0x0000000000001bec                TIM_OC2Init
 .text.TIM_OC4Init
                0x0000000000001c82       0x6e ./Peripheral/src/ch32v00x_tim.o
                0x0000000000001c82                TIM_OC4Init
 .text.TIM_Cmd  0x0000000000001cf0       0x18 ./Peripheral/src/ch32v00x_tim.o
                0x0000000000001cf0                TIM_Cmd
 .text.TIM_CtrlPWMOutputs
                0x0000000000001d08       0x16 ./Peripheral/src/ch32v00x_tim.o
                0x0000000000001d08                TIM_CtrlPWMOutputs
 .text.TIM_ARRPreloadConfig
                0x0000000000001d1e       0x1a ./Peripheral/src/ch32v00x_tim.o
                0x0000000000001d1e                TIM_ARRPreloadConfig
 .text.TIM_OC1PreloadConfig
                0x0000000000001d38        0xe ./Peripheral/src/ch32v00x_tim.o
                0x0000000000001d38                TIM_OC1PreloadConfig
 .text.TIM_OC2PreloadConfig
                0x0000000000001d46       0x16 ./Peripheral/src/ch32v00x_tim.o
                0x0000000000001d46                TIM_OC2PreloadConfig
 .text.TIM_OC4PreloadConfig
                0x0000000000001d5c       0x16 ./Peripheral/src/ch32v00x_tim.o
                0x0000000000001d5c                TIM_OC4PreloadConfig
 .text.TIM_SetCompare1
                0x0000000000001d72        0x4 ./Peripheral/src/ch32v00x_tim.o
                0x0000000000001d72                TIM_SetCompare1
 .text.TIM_SetCompare2
                0x0000000000001d76        0x4 ./Peripheral/src/ch32v00x_tim.o
                0x0000000000001d76                TIM_SetCompare2
 .text.TIM_SetCompare4
                0x0000000000001d7a        0x4 ./Peripheral/src/ch32v00x_tim.o
                0x0000000000001d7a                TIM_SetCompare4
 .text.USART_Init
                0x0000000000001d7e       0xce ./Peripheral/src/ch32v00x_usart.o
                0x0000000000001d7e                USART_Init
 .text.USART_Cmd
                0x0000000000001e4c       0x16 ./Peripheral/src/ch32v00x_usart.o
                0x0000000000001e4c                USART_Cmd
 .text.USART_ITConfig
                0x0000000000001e62       0x36 ./Peripheral/src/ch32v00x_usart.o
                0x0000000000001e62                USART_ITConfig
 .text.USART_SendData
                0x0000000000001e98        0x8 ./Peripheral/src/ch32v00x_usart.o
                0x0000000000001e98                USART_SendData
 .text.USART_ReceiveData
                0x0000000000001ea0        0x8 ./Peripheral/src/ch32v00x_usart.o
                0x0000000000001ea0                USART_ReceiveData
 .text.USART_GetFlagStatus
                0x0000000000001ea8        0xa ./Peripheral/src/ch32v00x_usart.o
                0x0000000000001ea8                USART_GetFlagStatus
 .text.USART_GetITStatus
                0x0000000000001eb2       0x3c ./Peripheral/src/ch32v00x_usart.o
                0x0000000000001eb2                USART_GetITStatus
 .text.Delay_Init
                0x0000000000001eee       0x34 ./Debug/debug.o
                0x0000000000001eee                Delay_Init
 .text.Delay_Ms
                0x0000000000001f22       0x3a ./Debug/debug.o
                0x0000000000001f22                Delay_Ms
 .text.strlen   0x0000000000001f5c       0x12 c:/mounriver/mounriver_studio/toolchain/risc-v embedded gcc/bin/../lib/gcc/riscv-none-embed/8.2.0/../../../../riscv-none-embed/lib/rv32ecxw/ilp32e\libg_nano.a(lib_a-strlen.o)
                0x0000000000001f5c                strlen
 *(.rodata)
 *(.rodata*)
 *fill*         0x0000000000001f6e        0x2 
 .rodata.AARR_GlcdFont_U8
                0x0000000000001f70      0x2a7 ./User/96OLEDI2C.o
                0x0000000000001f70                AARR_GlcdFont_U8
 *fill*         0x0000000000002217        0x1 
 .rodata.UARTDebugPrint.str1.4
                0x0000000000002218       0x1d ./User/SerialPort.o
 *fill*         0x0000000000002235        0x3 
 .rodata.main.str1.4
                0x0000000000002238      0x1e4 ./User/main.o
 *(.gnu.linkonce.t.*)
                0x000000000000241c                . = ALIGN (0x4)

.rela.dyn       0x000000000000241c        0x0
 .rela.init     0x000000000000241c        0x0 ./User/96OLEDI2C.o
 .rela.text.handle_reset
                0x000000000000241c        0x0 ./User/96OLEDI2C.o

.fini           0x000000000000241c        0x0
 *(SORT_NONE(.fini))
                0x000000000000241c                . = ALIGN (0x4)
                [!provide]                        PROVIDE (_etext = .)
                [!provide]                        PROVIDE (_eitcm = .)

.preinit_array  0x000000000000241c        0x0
                [!provide]                        PROVIDE (__preinit_array_start = .)
 *(.preinit_array)
                [!provide]                        PROVIDE (__preinit_array_end = .)

.init_array     0x000000000000241c        0x0
                [!provide]                        PROVIDE (__init_array_start = .)
 *(SORT_BY_INIT_PRIORITY(.init_array.*) SORT_BY_INIT_PRIORITY(.ctors.*))
 *(.init_array EXCLUDE_FILE(*crtend?.o *crtend.o *crtbegin?.o *crtbegin.o) .ctors)
                [!provide]                        PROVIDE (__init_array_end = .)

.fini_array     0x000000000000241c        0x0
                [!provide]                        PROVIDE (__fini_array_start = .)
 *(SORT_BY_INIT_PRIORITY(.fini_array.*) SORT_BY_INIT_PRIORITY(.dtors.*))
 *(.fini_array EXCLUDE_FILE(*crtend?.o *crtend.o *crtbegin?.o *crtbegin.o) .dtors)
                [!provide]                        PROVIDE (__fini_array_end = .)

.ctors
 *crtbegin.o(.ctors)
 *crtbegin?.o(.ctors)
 *(EXCLUDE_FILE(*crtend?.o *crtend.o) .ctors)
 *(SORT_BY_NAME(.ctors.*))
 *(.ctors)

.dtors
 *crtbegin.o(.dtors)
 *crtbegin?.o(.dtors)
 *(EXCLUDE_FILE(*crtend?.o *crtend.o) .dtors)
 *(SORT_BY_NAME(.dtors.*))
 *(.dtors)

.dalign         0x0000000020000000        0x0 load address 0x000000000000241c
                0x0000000020000000                . = ALIGN (0x4)
                0x0000000020000000                PROVIDE (_data_vma = .)

.dlalign        0x000000000000241c        0x0
                0x000000000000241c                . = ALIGN (0x4)
                0x000000000000241c                PROVIDE (_data_lma = .)

.data           0x0000000020000000       0x38 load address 0x000000000000241c
                0x0000000020000000                . = ALIGN (0x4)
 *(.gnu.linkonce.r.*)
 *(.data .data.*)
 .data.AHBPrescTable
                0x0000000020000000       0x10 ./User/system_ch32v00x.o
                0x0000000020000000                AHBPrescTable
 .data.SystemCoreClock
                0x0000000020000010        0x4 ./User/system_ch32v00x.o
                0x0000000020000010                SystemCoreClock
 .data.ADCPrescTable
                0x0000000020000014       0x14 ./Peripheral/src/ch32v00x_rcc.o
 .data.APBAHBPrescTable
                0x0000000020000028       0x10 ./Peripheral/src/ch32v00x_rcc.o
 *(.gnu.linkonce.d.*)
                0x0000000020000038                . = ALIGN (0x8)
                0x0000000020000838                PROVIDE (__global_pointer$ = (. + 0x800))
 *(.sdata .sdata.*)
 *(.sdata2*)
 *(.gnu.linkonce.s.*)
                0x0000000020000038                . = ALIGN (0x8)
 *(.srodata.cst16)
 *(.srodata.cst8)
 *(.srodata.cst4)
 *(.srodata.cst2)
 *(.srodata .srodata.*)
                0x0000000020000038                . = ALIGN (0x4)
                0x0000000020000038                PROVIDE (_edata = .)

.bss            0x0000000020000038      0x120 load address 0x0000000000002454
                0x0000000020000038                . = ALIGN (0x4)
                0x0000000020000038                PROVIDE (_sbss = .)
 *(.sbss*)
 *(.gnu.linkonce.sb.*)
 *(.bss*)
 .bss.H         0x0000000020000038        0x4 ./User/main.o
                0x0000000020000038                H
 .bss.RxBuffer1
                0x000000002000003c      0x100 ./User/main.o
                0x000000002000003c                RxBuffer1
 .bss.RxCnt1    0x000000002000013c        0x1 ./User/main.o
                0x000000002000013c                RxCnt1
 .bss.Rxfinish1
                0x000000002000013d        0x1 ./User/main.o
                0x000000002000013d                Rxfinish1
 .bss.SW2Flag   0x000000002000013e        0x1 ./User/main.o
                0x000000002000013e                SW2Flag
 .bss.SW3Flag   0x000000002000013f        0x1 ./User/main.o
                0x000000002000013f                SW3Flag
 .bss.T         0x0000000020000140        0x4 ./User/main.o
                0x0000000020000140                T
 .bss.adcFlag   0x0000000020000144        0x1 ./User/main.o
                0x0000000020000144                adcFlag
 *fill*         0x0000000020000145        0x3 
 .bss.adcReading
                0x0000000020000148        0x4 ./User/main.o
                0x0000000020000148                adcReading
 .bss.digitSep  0x000000002000014c        0x4 ./User/main.o
                0x000000002000014c                digitSep
 .bss.NVIC_Priority_Group
                0x0000000020000150        0x4 ./Peripheral/src/ch32v00x_misc.o
                0x0000000020000150                NVIC_Priority_Group
 .bss.p_ms      0x0000000020000154        0x2 ./Debug/debug.o
 .bss.p_us      0x0000000020000156        0x1 ./Debug/debug.o
 *(.gnu.linkonce.b.*)
 *(COMMON*)
                0x0000000020000158                . = ALIGN (0x4)
 *fill*         0x0000000020000157        0x1 
                0x0000000020000158                PROVIDE (_ebss = .)
                0x0000000020000158                PROVIDE (_end = _ebss)
                [!provide]                        PROVIDE (end = .)

.stack          0x0000000020000700      0x100
                0x0000000020000700                PROVIDE (_heap_end = .)
                0x0000000020000700                . = ALIGN (0x4)
                [!provide]                        PROVIDE (_susrstack = .)
                0x0000000020000800                . = (. + __stack_size)
 *fill*         0x0000000020000700      0x100 
                0x0000000020000800                PROVIDE (_eusrstack = .)
OUTPUT(CH32V003-DEV-KIT.elf elf32-littleriscv)

.debug_info     0x0000000000000000    0x1276f
 .debug_info    0x0000000000000000      0xed1 ./User/96OLEDI2C.o
 .debug_info    0x0000000000000ed1      0xc08 ./User/AHT20.o
 .debug_info    0x0000000000001ad9      0xfdd ./User/SerialPort.o
 .debug_info    0x0000000000002ab6      0x962 ./User/ch32v00x_it.o
 .debug_info    0x0000000000003418      0xd93 ./User/i2c_common.o
 .debug_info    0x00000000000041ab     0x2a8d ./User/main.o
 .debug_info    0x0000000000006c38      0xbca ./User/system_ch32v00x.o
 .debug_info    0x0000000000007802       0x22 ./Startup/startup_ch32v00x.o
 .debug_info    0x0000000000007824     0x1526 ./Peripheral/src/ch32v00x_adc.o
 .debug_info    0x0000000000008d4a      0xc05 ./Peripheral/src/ch32v00x_exti.o
 .debug_info    0x000000000000994f     0x103a ./Peripheral/src/ch32v00x_gpio.o
 .debug_info    0x000000000000a989     0x1417 ./Peripheral/src/ch32v00x_i2c.o
 .debug_info    0x000000000000bda0      0xdda ./Peripheral/src/ch32v00x_misc.o
 .debug_info    0x000000000000cb7a     0x1063 ./Peripheral/src/ch32v00x_rcc.o
 .debug_info    0x000000000000dbdd     0x2949 ./Peripheral/src/ch32v00x_tim.o
 .debug_info    0x0000000000010526     0x1351 ./Peripheral/src/ch32v00x_usart.o
 .debug_info    0x0000000000011877      0xef8 ./Debug/debug.o

.debug_abbrev   0x0000000000000000     0x2f09
 .debug_abbrev  0x0000000000000000      0x28c ./User/96OLEDI2C.o
 .debug_abbrev  0x000000000000028c      0x275 ./User/AHT20.o
 .debug_abbrev  0x0000000000000501      0x298 ./User/SerialPort.o
 .debug_abbrev  0x0000000000000799      0x1cf ./User/ch32v00x_it.o
 .debug_abbrev  0x0000000000000968      0x265 ./User/i2c_common.o
 .debug_abbrev  0x0000000000000bcd      0x3aa ./User/main.o
 .debug_abbrev  0x0000000000000f77      0x269 ./User/system_ch32v00x.o
 .debug_abbrev  0x00000000000011e0       0x12 ./Startup/startup_ch32v00x.o
 .debug_abbrev  0x00000000000011f2      0x307 ./Peripheral/src/ch32v00x_adc.o
 .debug_abbrev  0x00000000000014f9      0x2da ./Peripheral/src/ch32v00x_exti.o
 .debug_abbrev  0x00000000000017d3      0x309 ./Peripheral/src/ch32v00x_gpio.o
 .debug_abbrev  0x0000000000001adc      0x3a7 ./Peripheral/src/ch32v00x_i2c.o
 .debug_abbrev  0x0000000000001e83      0x2fb ./Peripheral/src/ch32v00x_misc.o
 .debug_abbrev  0x000000000000217e      0x36d ./Peripheral/src/ch32v00x_rcc.o
 .debug_abbrev  0x00000000000024eb      0x408 ./Peripheral/src/ch32v00x_tim.o
 .debug_abbrev  0x00000000000028f3      0x323 ./Peripheral/src/ch32v00x_usart.o
 .debug_abbrev  0x0000000000002c16      0x2f3 ./Debug/debug.o

.debug_loc      0x0000000000000000     0x4a5f
 .debug_loc     0x0000000000000000      0x364 ./User/96OLEDI2C.o
 .debug_loc     0x0000000000000364      0x12b ./User/AHT20.o
 .debug_loc     0x000000000000048f      0x15d ./User/SerialPort.o
 .debug_loc     0x00000000000005ec      0x100 ./User/i2c_common.o
 .debug_loc     0x00000000000006ec      0x161 ./User/main.o
 .debug_loc     0x000000000000084d       0x55 ./User/system_ch32v00x.o
 .debug_loc     0x00000000000008a2      0x9fa ./Peripheral/src/ch32v00x_adc.o
 .debug_loc     0x000000000000129c      0x181 ./Peripheral/src/ch32v00x_exti.o
 .debug_loc     0x000000000000141d      0x6cf ./Peripheral/src/ch32v00x_gpio.o
 .debug_loc     0x0000000000001aec      0x720 ./Peripheral/src/ch32v00x_i2c.o
 .debug_loc     0x000000000000220c       0xce ./Peripheral/src/ch32v00x_misc.o
 .debug_loc     0x00000000000022da      0x59f ./Peripheral/src/ch32v00x_rcc.o
 .debug_loc     0x0000000000002879     0x1936 ./Peripheral/src/ch32v00x_tim.o
 .debug_loc     0x00000000000041af      0x735 ./Peripheral/src/ch32v00x_usart.o
 .debug_loc     0x00000000000048e4      0x17b ./Debug/debug.o

.debug_aranges  0x0000000000000000      0xa60
 .debug_aranges
                0x0000000000000000       0x60 ./User/96OLEDI2C.o
 .debug_aranges
                0x0000000000000060       0x38 ./User/AHT20.o
 .debug_aranges
                0x0000000000000098       0x38 ./User/SerialPort.o
 .debug_aranges
                0x00000000000000d0       0x28 ./User/ch32v00x_it.o
 .debug_aranges
                0x00000000000000f8       0x28 ./User/i2c_common.o
 .debug_aranges
                0x0000000000000120       0xa0 ./User/main.o
 .debug_aranges
                0x00000000000001c0       0x28 ./User/system_ch32v00x.o
 .debug_aranges
                0x00000000000001e8       0x30 ./Startup/startup_ch32v00x.o
 .debug_aranges
                0x0000000000000218      0x138 ./Peripheral/src/ch32v00x_adc.o
 .debug_aranges
                0x0000000000000350       0x50 ./Peripheral/src/ch32v00x_exti.o
 .debug_aranges
                0x00000000000003a0       0x98 ./Peripheral/src/ch32v00x_gpio.o
 .debug_aranges
                0x0000000000000438      0x108 ./Peripheral/src/ch32v00x_i2c.o
 .debug_aranges
                0x0000000000000540       0x28 ./Peripheral/src/ch32v00x_misc.o
 .debug_aranges
                0x0000000000000568       0xe0 ./Peripheral/src/ch32v00x_rcc.o
 .debug_aranges
                0x0000000000000648      0x2d0 ./Peripheral/src/ch32v00x_tim.o
 .debug_aranges
                0x0000000000000918      0x100 ./Peripheral/src/ch32v00x_usart.o
 .debug_aranges
                0x0000000000000a18       0x48 ./Debug/debug.o

.debug_ranges   0x0000000000000000      0x9b8
 .debug_ranges  0x0000000000000000       0x50 ./User/96OLEDI2C.o
 .debug_ranges  0x0000000000000050       0x28 ./User/AHT20.o
 .debug_ranges  0x0000000000000078       0x28 ./User/SerialPort.o
 .debug_ranges  0x00000000000000a0       0x18 ./User/ch32v00x_it.o
 .debug_ranges  0x00000000000000b8       0x18 ./User/i2c_common.o
 .debug_ranges  0x00000000000000d0       0x90 ./User/main.o
 .debug_ranges  0x0000000000000160       0x18 ./User/system_ch32v00x.o
 .debug_ranges  0x0000000000000178       0x28 ./Startup/startup_ch32v00x.o
 .debug_ranges  0x00000000000001a0      0x128 ./Peripheral/src/ch32v00x_adc.o
 .debug_ranges  0x00000000000002c8       0x40 ./Peripheral/src/ch32v00x_exti.o
 .debug_ranges  0x0000000000000308       0x88 ./Peripheral/src/ch32v00x_gpio.o
 .debug_ranges  0x0000000000000390       0xf8 ./Peripheral/src/ch32v00x_i2c.o
 .debug_ranges  0x0000000000000488       0x48 ./Peripheral/src/ch32v00x_misc.o
 .debug_ranges  0x00000000000004d0       0xd0 ./Peripheral/src/ch32v00x_rcc.o
 .debug_ranges  0x00000000000005a0      0x2f0 ./Peripheral/src/ch32v00x_tim.o
 .debug_ranges  0x0000000000000890       0xf0 ./Peripheral/src/ch32v00x_usart.o
 .debug_ranges  0x0000000000000980       0x38 ./Debug/debug.o

.debug_line     0x0000000000000000     0xc9de
 .debug_line    0x0000000000000000      0x6cd ./User/96OLEDI2C.o
 .debug_line    0x00000000000006cd      0x5a9 ./User/AHT20.o
 .debug_line    0x0000000000000c76      0x6d9 ./User/SerialPort.o
 .debug_line    0x000000000000134f      0x248 ./User/ch32v00x_it.o
 .debug_line    0x0000000000001597      0x594 ./User/i2c_common.o
 .debug_line    0x0000000000001b2b     0x1477 ./User/main.o
 .debug_line    0x0000000000002fa2      0x53b ./User/system_ch32v00x.o
 .debug_line    0x00000000000034dd      0x1e1 ./Startup/startup_ch32v00x.o
 .debug_line    0x00000000000036be     0x1494 ./Peripheral/src/ch32v00x_adc.o
 .debug_line    0x0000000000004b52      0x628 ./Peripheral/src/ch32v00x_exti.o
 .debug_line    0x000000000000517a      0xd73 ./Peripheral/src/ch32v00x_gpio.o
 .debug_line    0x0000000000005eed     0x10d6 ./Peripheral/src/ch32v00x_i2c.o
 .debug_line    0x0000000000006fc3      0x523 ./Peripheral/src/ch32v00x_misc.o
 .debug_line    0x00000000000074e6      0xdbe ./Peripheral/src/ch32v00x_rcc.o
 .debug_line    0x00000000000082a4     0x3053 ./Peripheral/src/ch32v00x_tim.o
 .debug_line    0x000000000000b2f7      0xf60 ./Peripheral/src/ch32v00x_usart.o
 .debug_line    0x000000000000c257      0x787 ./Debug/debug.o

.debug_str      0x0000000000000000     0x3181
 .debug_str     0x0000000000000000      0x6c3 ./User/96OLEDI2C.o
                                        0x741 (size before relaxing)
 .debug_str     0x00000000000006c3       0x7d ./User/AHT20.o
                                        0x651 (size before relaxing)
 .debug_str     0x0000000000000740      0x514 ./User/SerialPort.o
                                        0xb02 (size before relaxing)
 .debug_str     0x0000000000000c54       0x34 ./User/ch32v00x_it.o
                                        0x5d1 (size before relaxing)
 .debug_str     0x0000000000000c88       0xf0 ./User/i2c_common.o
                                        0x742 (size before relaxing)
 .debug_str     0x0000000000000d78      0x8b2 ./User/main.o
                                       0x136b (size before relaxing)
 .debug_str     0x000000000000162a       0xd5 ./User/system_ch32v00x.o
                                        0x6fe (size before relaxing)
 .debug_str     0x00000000000016ff       0xa4 ./Startup/startup_ch32v00x.o
 .debug_str     0x00000000000017a3      0x35d ./Peripheral/src/ch32v00x_adc.o
                                        0xbd8 (size before relaxing)
 .debug_str     0x0000000000001b00       0xe2 ./Peripheral/src/ch32v00x_exti.o
                                        0x7db (size before relaxing)
 .debug_str     0x0000000000001be2      0x1e2 ./Peripheral/src/ch32v00x_gpio.o
                                        0x997 (size before relaxing)
 .debug_str     0x0000000000001dc4      0x32b ./Peripheral/src/ch32v00x_i2c.o
                                        0xb00 (size before relaxing)
 .debug_str     0x00000000000020ef      0x124 ./Peripheral/src/ch32v00x_misc.o
                                        0x960 (size before relaxing)
 .debug_str     0x0000000000002213      0x269 ./Peripheral/src/ch32v00x_rcc.o
                                        0x9ff (size before relaxing)
 .debug_str     0x000000000000247c      0x916 ./Peripheral/src/ch32v00x_tim.o
                                       0x129d (size before relaxing)
 .debug_str     0x0000000000002d92      0x34a ./Peripheral/src/ch32v00x_usart.o
                                        0xb4e (size before relaxing)
 .debug_str     0x00000000000030dc       0xa5 ./Debug/debug.o
                                        0x939 (size before relaxing)

.comment        0x0000000000000000       0x33
 .comment       0x0000000000000000       0x33 ./User/96OLEDI2C.o
                                         0x34 (size before relaxing)
 .comment       0x0000000000000033       0x34 ./User/AHT20.o
 .comment       0x0000000000000033       0x34 ./User/SerialPort.o
 .comment       0x0000000000000033       0x34 ./User/ch32v00x_it.o
 .comment       0x0000000000000033       0x34 ./User/i2c_common.o
 .comment       0x0000000000000033       0x34 ./User/main.o
 .comment       0x0000000000000033       0x34 ./User/system_ch32v00x.o
 .comment       0x0000000000000033       0x34 ./Peripheral/src/ch32v00x_adc.o
 .comment       0x0000000000000033       0x34 ./Peripheral/src/ch32v00x_exti.o
 .comment       0x0000000000000033       0x34 ./Peripheral/src/ch32v00x_gpio.o
 .comment       0x0000000000000033       0x34 ./Peripheral/src/ch32v00x_i2c.o
 .comment       0x0000000000000033       0x34 ./Peripheral/src/ch32v00x_misc.o
 .comment       0x0000000000000033       0x34 ./Peripheral/src/ch32v00x_rcc.o
 .comment       0x0000000000000033       0x34 ./Peripheral/src/ch32v00x_tim.o
 .comment       0x0000000000000033       0x34 ./Peripheral/src/ch32v00x_usart.o
 .comment       0x0000000000000033       0x34 ./Debug/debug.o

.debug_frame    0x0000000000000000     0x16d4
 .debug_frame   0x0000000000000000      0x140 ./User/96OLEDI2C.o
 .debug_frame   0x0000000000000140       0x98 ./User/AHT20.o
 .debug_frame   0x00000000000001d8       0x9c ./User/SerialPort.o
 .debug_frame   0x0000000000000274       0x30 ./User/ch32v00x_it.o
 .debug_frame   0x00000000000002a4       0x60 ./User/i2c_common.o
 .debug_frame   0x0000000000000304      0x200 ./User/main.o
 .debug_frame   0x0000000000000504       0x40 ./User/system_ch32v00x.o
 .debug_frame   0x0000000000000544      0x26c ./Peripheral/src/ch32v00x_adc.o
 .debug_frame   0x00000000000007b0       0x90 ./Peripheral/src/ch32v00x_exti.o
 .debug_frame   0x0000000000000840      0x150 ./Peripheral/src/ch32v00x_gpio.o
 .debug_frame   0x0000000000000990      0x254 ./Peripheral/src/ch32v00x_i2c.o
 .debug_frame   0x0000000000000be4       0x30 ./Peripheral/src/ch32v00x_misc.o
 .debug_frame   0x0000000000000c14      0x1c0 ./Peripheral/src/ch32v00x_rcc.o
 .debug_frame   0x0000000000000dd4      0x614 ./Peripheral/src/ch32v00x_tim.o
 .debug_frame   0x00000000000013e8      0x204 ./Peripheral/src/ch32v00x_usart.o
 .debug_frame   0x00000000000015ec       0xc8 ./Debug/debug.o
 .debug_frame   0x00000000000016b4       0x20 c:/mounriver/mounriver_studio/toolchain/risc-v embedded gcc/bin/../lib/gcc/riscv-none-embed/8.2.0/../../../../riscv-none-embed/lib/rv32ecxw/ilp32e\libg_nano.a(lib_a-strlen.o)
